******************************************************************************
                  TMS470 Linker PC v4.9.0                      
******************************************************************************
>> Linked Wed Jun 06 15:18:36 2012

OUTPUT FILE NAME:   <UPnP.out>
ENTRY POINT SYMBOL: "_c_int00"  address: 00007435


MEMORY CONFIGURATION

         name            origin    length      used     unused   attr    fill
----------------------  --------  ---------  --------  --------  ----  --------
  FLASH                 00000000   00040000  000094f0  00036b10  R  X
  SRAM                  20000000   00010000  0000aee5  0000511b  RW X


SEGMENT ALLOCATION MAP

run origin  load origin   length   init length attrs members
----------  ----------- ---------- ----------- ----- -------
00000000    00000000    000094f0   000094f0    r-x
  00000000    00000000    000000f0   000000f0    r-- .intvecs
  000000f0    000000f0    00007fb0   00007fb0    r-x .text
  000080a0    000080a0    000007c0   000007c0    r-- .const
  00008860    00008860    00000c90   00000c90    r-- .cinit
20000000    20000000    0000a100   00000000    rw-
  20000000    20000000    00008000   00000000    rw- .sysmem
  20008000    20008000    00001100   00000000    rw- .bss
  20009100    20009100    00001000   00000000    rw- .stack
2000a100    2000a100    00000de5   00000de5    rw-
  2000a100    2000a100    00000de5   00000de5    rw- .data


SECTION ALLOCATION MAP

 output                                  attributes/
section   page    origin      length       input sections
--------  ----  ----------  ----------   ----------------
.intvecs   0    00000000    000000f0     
                  00000000    000000f0     startup_MU.obj (.intvecs)

.text      0    000000f0    00007fb0     
                  000000f0    00000e8c     rtsv7M3_T_le_eabi.lib : _printfi.obj (.text)
                  00000f7c    00000e58     uip.obj (.text:uip_process)
                  00001dd4    000003e0     rtsv7M3_T_le_eabi.lib : memory.obj (.text)
                  000021b4    000003bc     demo_8_Internet.obj (.text:ProgramaPrincipal)
                  00002570    00000383     siemensTCP_app.obj (.text:process_siemensTCP_frame)
                  000028f3    00000001     --HOLE-- [fill = 0]
                  000028f4    000001f4     rtsv7M3_T_le_eabi.lib : ull_div_t2.obj (.text)
                  00002ae8    000001d8     sysctl.obj (.text:SysCtlClockGet)
                  00002cc0    000001c0     httpd.obj (.text:send_headers)
                  00002e80    000001b6     rtsv7M3_T_le_eabi.lib : fd_add_t2.obj (.text)
                  00003036    00000002     startup_MU.obj (.text:BusFaultISR)
                  00003038    0000019c     httpd.obj (.text:handle_input)
                  000031d4    0000016c     ssdp.obj (.text:ssdp_advertise)
                  00003340    00000150     uip_arp.obj (.text:uip_arp_out)
                  00003490    00000144     sysctl.obj (.text:SysCtlClockSet)
                  000035d4    00000136     rtsv7M3_T_le_eabi.lib : fd_div_t2.obj (.text)
                  0000370a    00000002     startup_MU.obj (.text:FaultISR)
                  0000370c    00000110     Task_Ethernet_UIP.obj (.text:Loop_UIP)
                  0000381c    00000110     webclient.obj (.text:parse_headers)
                  0000392c    00000110     rtsv7M3_T_le_eabi.lib : strtoul.obj (.text)
                  00003a3c    00000100     dhcpc.obj (.text:handle_dhcp)
                  00003b3c    000000fc     rtsv7M3_T_le_eabi.lib : fd_mul_t2.obj (.text)
                  00003c38    000000f4     demo_8_Internet.obj (.text:Internet_Procesamiento_control)
                  00003d2c    000000f0     resolv.obj (.text:check_entries)
                  00003e1c    000000e4     tasks.obj (.text:vTaskIncrementTick)
                  00003f00    000000e4     tasks.obj (.text:xTaskGenericCreate)
                  00003fe4    000000e0     queue.obj (.text:xQueueGenericReceive)
                  000040c4    000000dc     webclient.obj (.text:parse_statusline)
                  000041a0    000000dc     uip.obj (.text:uip_connect)
                  0000427c    000000d8     Task_Ethernet_UIP.obj (.text:Initialize_UIP)
                  00004354    000000d4     rit128x96x4.obj (.text:RIT128x96x4StringDraw)
                  00004428    000000d0     uip_arp.obj (.text:uip_arp_update)
                  000044f8    000000d0     tasks.obj (.text:xTaskResumeAll)
                  000045c8    000000ca     queue.obj (.text:xQueueGenericSend)
                  00004692    000000c8     gpio.obj (.text:GPIOPadConfigSet)
                  0000475a    00000002     startup_MU.obj (.text:IntDefaultHandler)
                  0000475c    000000c8     webclient.obj (.text:senddata)
                  00004824    000000c8     webclient.obj (.text:webclient_appcall)
                  000048ec    000000c4     demo_8_Internet.obj (.text:Internet_ProcesamientoDeFormulario)
                  000049b0    000000c4     internet.obj (.text:libMU_Internet_GetWiFiRouterIP)
                  00004a74    000000c0     internet.obj (.text:libMU_Internet_Server_SetPage)
                  00004b34    000000c0     special_server.obj (.text:specserver_appcall)
                  00004bf4    000000c0     uip_arp.obj (.text:uip_arp_arpin)
                  00004cb4    000000b8     resolv.obj (.text:newdata)
                  00004d6c    000000b4     internet.obj (.text:libMU_Internet_GetFormStringValue)
                  00004e20    000000ac     telnet_client.obj (.text:newdata)
                  00004ecc    000000a8     internet.obj (.text:libMU_Internet_GetPage)
                  00004f74    000000a0     rit128x96x4.obj (.text:RIT128x96x4Init)
                  00005014    000000a0     dhcpc.obj (.text:create_msg)
                  000050b4    0000009c     rtsv7M3_T_le_eabi.lib : memcpy_t2.obj (.text)
                  00005150    00000098                           : snprintf.obj (.text)
                  000051e8    00000098     telnet_client.obj (.text:telnet_client_appcall)
                  00005280    00000094     rtsv7M3_T_le_eabi.lib : auto_init.obj (.text)
                  00005314    00000090     ethernet.obj (.text:EthernetPacketGetInternal)
                  000053a4    00000090     uip.obj (.text:uip_udp_new)
                  00005434    0000008c     analogico_digital.obj (.text:libMU_AD_Initialize)
                  000054c0    0000008a     ethernet.obj (.text:EthernetPacketPutInternal)
                  0000554a    00000002     startup_MU.obj (.text:MemFaultISR)
                  0000554c    00000088     sysctl.obj (.text:SysCtlPeripheralReset)
                  000055d4    00000084     demo_8_Internet.obj (.text:Internet_ProcesamientoDePagina)
                  00005658    00000084     psock.obj (.text:psock_readto)
                  000056dc    00000080     httpd.obj (.text:handle_output)
                  0000575c    00000080     httpd.obj (.text:httpd_appcall)
                  000057dc    0000007e     rtsv7M3_T_le_eabi.lib : fd_cmp_t2.obj (.text)
                  0000585a    00000002     startup_MU.obj (.text:NmiSR)
                  0000585c    00000078     dhcpc.obj (.text:parse_options)
                  000058d4    00000078     rtsv7M3_T_le_eabi.lib : memset_t2.obj (.text)
                  0000594c    00000070     Task_Ethernet_UIP.obj (.text:Task_Ethernet)
                  000059bc    00000070     internet.obj (.text:httpd_fs_open)
                  00005a2c    00000070     psock.obj (.text:psock_generator_send)
                  00005a9c    00000070     resolv.obj (.text:resolv_hostname)
                  00005b0c    00000070     telnet_client.obj (.text:telnet_client_cmd_int)
                  00005b7c    0000006c     adc.obj (.text:ADCSequenceStepConfigure)
                  00005be8    0000006c     telnet_client.obj (.text:telnet_client_cmd)
                  00005c54    0000006c     tasks.obj (.text:xTaskRemoveFromEventList)
                  00005cc0    0000006a     queue.obj (.text:xQueueGenericCreate)
                  00005d2a    00000002     startup_MU.obj (.text:UsageFaultISR)
                  00005d2c    00000068     telnet_client.obj (.text:telnet_client_open)
                  00005d94    00000068     udp_frame.obj (.text:udp_frame_appcall)
                  00005dfc    00000066     internet.obj (.text:libMU_Internet_GetFormIntegerValue)
                  00005e62    00000002     rtsv7M3_T_le_eabi.lib : tdeh_init.obj (.text)
                  00005e64    00000064     interrupt.obj (.text:IntEnable)
                  00005ec8    00000064     ssdp.obj (.text:ssdp_udpapp)
                  00005f2c    00000064     ssdp.obj (.text:ssdp_udpinit)
                  00005f90    00000064     tasks.obj (.text:vTaskSwitchContext)
                  00005ff4    00000060     Task_Ethernet_UIP.obj (.text:Initialize_EthernetHW)
                  00006054    00000060     rit128x96x4.obj (.text:RIT128x96x4Enable)
                  000060b4    00000060     resolv.obj (.text:resolv_query)
                  00006114    00000060     rtsv7M3_T_le_eabi.lib : sprintf.obj (.text)
                  00006174    00000060     telnet_client.obj (.text:senddata)
                  000061d4    00000060     webclient.obj (.text:webclient_get)
                  00006234    0000005e     queue.obj (.text:prvUnlockQueue)
                  00006292    0000005e     rtsv7M3_T_le_eabi.lib : copy_decompress_rle.obj (.text)
                  000062f0    0000005c     rit128x96x4.obj (.text:RITWriteCommand)
                  0000634c    0000005c     rit128x96x4.obj (.text:RITWriteData)
                  000063a8    0000005c     analogico_digital.obj (.text:libMU_AD_GetChannelValue)
                  00006404    0000005c     botones.obj (.text:libMU_Button_Initialize)
                  00006460    0000005c     internet.obj (.text:libMU_Internet_Initialize)
                  000064bc    0000005c     dhcpc.obj (.text:parse_msg)
                  00006518    0000005c     uip.obj (.text:uip_init)
                  00006574    0000005c     tasks.obj (.text:vTaskDelayUntil)
                  000065d0    00000058     sysctl.obj (.text:SysCtlPeripheralEnable)
                  00006628    00000058     psock.obj (.text:buf_bufto)
                  00006680    00000058     rtsv7M3_T_le_eabi.lib : ltoa.obj (.text)
                  000066d8    00000058     siemensTCP_app.obj (.text:siemensTCP_appcall)
                  00006730    00000058     uip.obj (.text:uip_add32)
                  00006788    00000054     psock.obj (.text:psock_send)
                  000067dc    00000054     httpd.obj (.text:send_file)
                  00006830    00000050     serie.obj (.text:libMU_Serial_Initialize)
                  00006880    00000050     protocol_switcher_app.obj (.text:protocol_switcher_app_init)
                  000068d0    00000050     uip_arp.obj (.text:uip_arp_timer)
                  00006920    00000050     tasks.obj (.text:vTaskStartScheduler)
                  00006970    00000050     tasks.obj (.text:xTaskCheckForTimeOut)
                  000069c0    0000004e     queue.obj (.text:prvCopyDataToQueue)
                  00006a0e    0000004e     queue.obj (.text:xQueueGenericSendFromISR)
                  00006a5c    0000004c     psock.obj (.text:data_acked)
                  00006aa8    0000004c     tasks.obj (.text:prvAddCurrentTaskToDelayedList)
                  00006af4    0000004c     tasks.obj (.text:prvInitialiseTaskLists)
                  00006b40    0000004c     rtsv7M3_T_le_eabi.lib : atoi.obj (.text)
                  00006b8c    0000004a     uiplib.obj (.text:uiplib_ipaddrconv)
                  00006bd6    00000002     internet.obj (.text:webclient_connected)
                  00006bd8    00000048     rit128x96x4.obj (.text:RIT128x96x4Clear)
                  00006c20    00000048     demo_8_Internet.obj (.text:main_demo_8)
                  00006c68    00000048     rtsv7M3_T_le_eabi.lib : cpy_tbl.obj (.text)
                  00006cb0    00000048                           : fd_toi_t2.obj (.text)
                  00006cf8    00000048     psock.obj (.text:send_data)
                  00006d40    00000046     rtsv7M3_T_le_eabi.lib : xdtest.obj (.text)
                  00006d86    00000002     webclient.obj (.text:webclient_init)
                  00006d88    00000044     PLC_Mem_Interface.obj (.text:PLC_SendMemoryData)
                  00006dcc    00000044     ssi.obj (.text:SSIConfigSetExpClk)
                  00006e10    00000044     cronometro.obj (.text:libMU_Stopwatch_Initialize)
                  00006e54    00000044     webclient.obj (.text:newdata)
                  00006e98    00000044     resolv.obj (.text:resolv_lookup)
                  00006edc    00000044     rtsv7M3_T_le_eabi.lib : exit.obj (.text)
                  00006f20    00000042     uart.obj (.text:UARTConfigSetExpClk)
                  00006f62    00000002     internet.obj (.text:webclient_timedout)
                  00006f64    00000040     Task_Ethernet_UIP.obj (.text:EthernetIntHandler)
                  00006fa4    00000040     uip.obj (.text:chksum)
                  00006fe4    00000040     internet.obj (.text:dhcpc_configured)
                  00007024    00000040     telnet_client.obj (.text:telnet_client_init)
                  00007064    0000003e     port.obj (.text:xPortPendSVHandler)
                  000070a2    00000002     --HOLE-- [fill = 0]
                  000070a4    0000003c     PLC_Mem_Interface.obj (.text:PLC_ReceiveMemoryData)
                  000070e0    0000003c     httpd.obj (.text:generate_part_of_file)
                  0000711c    0000003c     webclient.obj (.text:init_connection)
                  00007158    0000003c     protocol_switcher_app.obj (.text:tcp_protocol_switcher_appcall)
                  00007194    0000003c     protocol_switcher_app.obj (.text:udp_protocol_switcher_appcall)
                  000071d0    0000003c     uip.obj (.text:upper_layer_chksum)
                  0000720c    00000038     ethernet.obj (.text:EthernetMACAddrSet)
                  00007244    00000038     flash.obj (.text:FlashUserGet)
                  0000727c    00000038     webclient.obj (.text:acked)
                  000072b4    00000038     dhcpc.obj (.text:dhcpc_init)
                  000072ec    00000038     internet.obj (.text:httpd_fs_strcmp)
                  00007324    00000038     tasks.obj (.text:prvAllocateTCBAndStack)
                  0000735c    00000038     tasks.obj (.text:prvInitialiseTCBVariables)
                  00007394    00000038     list.obj (.text:vListInsert)
                  000073cc    00000034     leds.obj (.text:libMU_LED_Initialize)
                  00007400    00000034     resolv.obj (.text:resolv_init)
                  00007434    00000034     rtsv7M3_T_le_eabi.lib : boot.obj (.text)
                  00007468    00000034     dhcpc.obj (.text:send_request)
                  0000749c    00000032     rtsv7M3_T_le_eabi.lib : strstr.obj (.text)
                  000074ce    00000002     --HOLE-- [fill = 0]
                  000074d0    00000030     resolv.obj (.text:resolv_appcall)
                  00007500    00000030     rtsv7M3_T_le_eabi.lib : strncpy.obj (.text)
                  00007530    00000030     dhcpc.obj (.text:send_discover)
                  00007560    00000030     port.obj (.text:xPortStartScheduler)
                  00007590    0000002e     adc.obj (.text:ADCIntStatus)
                  000075be    0000002e     gpio.obj (.text:GPIODirModeSet)
                  000075ec    0000002e     serie.obj (.text:libMU_Serial_SendChars)
                  0000761a    0000002e     rtsv7M3_T_le_eabi.lib : i_tofd_t2.obj (.text)
                  00007648    0000002c     psock.obj (.text:psock_newdata)
                  00007674    0000002c     uip.obj (.text:uip_add_rcv_nxt)
                  000076a0    0000002c     uip.obj (.text:uip_listen)
                  000076cc    0000002c     tasks.obj (.text:vTaskPlaceOnEventList)
                  000076f8    0000002a     adc.obj (.text:ADCSequenceConfigure)
                  00007722    0000002a     ethernet.obj (.text:EthernetConfigSet)
                  0000774c    0000002a     webclient.obj (.text:casecmp)
                  00007776    00000002     --HOLE-- [fill = 0]
                  00007778    00000028     demo_8_Internet.obj (.text:Internet_Procesamiento_eventSub)
                  000077a0    00000028     telnet_client.obj (.text:acked)
                  000077c8    00000028     dhcpc.obj (.text:dhcpc_request)
                  000077f0    00000026     queue.obj (.text:prvCopyDataFromQueue)
                  00007816    00000026     rtsv7M3_T_le_eabi.lib : strncmp.obj (.text)
                  0000783c    00000024     timer.obj (.text:TimerConfigure)
                  00007860    00000024     uip.obj (.text:uip_send)
                  00007884    00000024     port.obj (.text:xPortSysTickHandler)
                  000078a8    00000022     ethernet.obj (.text:EthernetEnable)
                  000078ca    00000022     rtsv7M3_T_le_eabi.lib : memcmp.obj (.text)
                  000078ec    00000022     list.obj (.text:vListRemove)
                  0000790e    00000002     --HOLE-- [fill = 0]
                  00007910    00000022     port.obj (.text:vPortSVCHandler)
                  00007932    00000020     adc.obj (.text:ADCSequenceDataGet)
                  00007952    00000002     --HOLE-- [fill = 0]
                  00007954    00000020     sysctl.obj (.text:SysCtlADCSpeedSet)
                  00007974    00000020     leds.obj (.text:libMU_LED_Toggle)
                  00007994    00000020     cronometro.obj (.text:libMU_Stopwatch_Start)
                  000079b4    00000020     psock.obj (.text:psock_init)
                  000079d4    00000020     rtsv7M3_T_le_eabi.lib : args_main.obj (.text)
                  000079f4    00000020     uip.obj (.text:uip_ipchksum)
                  00007a14    0000001e     ethernet.obj (.text:EthernetPHYRead)
                  00007a32    0000001e     dhcpc.obj (.text:add_req_options)
                  00007a50    0000001e     queue.obj (.text:prvIsQueueFull)
                  00007a6e    00000002     --HOLE-- [fill = 0]
                  00007a70    0000001c     uart.obj (.text:UARTDisable)
                  00007a8c    0000001c     dhcpc.obj (.text:add_req_ipaddr)
                  00007aa8    0000001c     dhcpc.obj (.text:add_server_id)
                  00007ac4    0000001c     resolv.obj (.text:resolv_conf)
                  00007ae0    0000001c     list.obj (.text:vListInsertEnd)
                  00007afc    0000001c     internet.obj (.text:webclient_datahandler)
                  00007b18    0000001a     queue.obj (.text:prvIsQueueEmpty)
                  00007b32    0000001a     port.obj (.text:pxPortInitialiseStack)
                  00007b4c    0000001a     rtsv7M3_T_le_eabi.lib : memccpy.obj (.text)
                  00007b66    0000001a     uip_timer.obj (.text:timer_expired)
                  00007b80    00000018     timer.obj (.text:TimerControlTrigger)
                  00007b98    00000018     httpd.obj (.text:handle_connection)
                  00007bb0    00000018     pantalla.obj (.text:libMU_Display_Initialize)
                  00007bc8    00000018     serie.obj (.text:libMU_Serial_SendString)
                  00007be0    00000018     heap_3.obj (.text:pvPortMalloc)
                  00007bf8    00000018     resolv.obj (.text:resolv_found)
                  00007c10    00000018     rtsv7M3_T_le_eabi.lib : _lock.obj (.text)
                  00007c28    00000018                           : ll_mul_t2.obj (.text)
                  00007c40    00000018                           : strcmp.obj (.text)
                  00007c58    00000018                           : strrchr.obj (.text)
                  00007c70    00000018     special_server.obj (.text:specserver_app_init)
                  00007c88    00000018     port.obj (.text:vPortEnterCritical)
                  00007ca0    00000018     port.obj (.text:vPortExitCritical)
                  00007cb8    00000018     tasks.obj (.text:vTaskSetTimeOutState)
                  00007cd0    00000018     tasks.obj (.text:xTaskGetTickCount)
                  00007ce8    00000016     internet.obj (.text:libMU_Internet_Delay)
                  00007cfe    00000016     temperatura.obj (.text:libMU_Temperature_Convert)
                  00007d14    00000016     rtsv7M3_T_le_eabi.lib : strchr.obj (.text)
                  00007d2a    00000016     list.obj (.text:vListInitialise)
                  00007d40    00000016     heap_3.obj (.text:vPortFree)
                  00007d56    00000002     --HOLE-- [fill = 0]
                  00007d58    00000016     port.obj (.text:vPortStartFirstTask)
                  00007d6e    00000002     --HOLE-- [fill = 0]
                  00007d70    00000014     ethernet.obj (.text:EthernetInitExpClk)
                  00007d84    00000014     uart.obj (.text:UARTEnable)
                  00007d98    00000014     internet.obj (.text:libMU_Internet_GetDeviceIP)
                  00007dac    00000014     serie.obj (.text:libMU_Serial_SendChar)
                  00007dc0    00000014     tasks.obj (.text:prvIdleTask)
                  00007dd4    00000014     port.obj (.text:prvSetupTimerInterrupt)
                  00007de8    00000014     rtsv7M3_T_le_eabi.lib : strlen.obj (.text)
                  00007dfc    00000012     gpio.obj (.text:GPIOPinTypeADC)
                  00007e0e    00000012     gpio.obj (.text:GPIOPinTypeEthernetLED)
                  00007e20    00000012     gpio.obj (.text:GPIOPinTypeGPIOOutput)
                  00007e32    00000012     gpio.obj (.text:GPIOPinTypeSSI)
                  00007e44    00000012     gpio.obj (.text:GPIOPinTypeUART)
                  00007e56    00000012     timer.obj (.text:TimerLoadSet)
                  00007e68    00000012     dhcpc.obj (.text:add_msg_type)
                  00007e7a    00000012     rtsv7M3_T_le_eabi.lib : copy_zero_init.obj (.text:decompress:ZI)
                  00007e8c    00000012     resolv.obj (.text:parse_name)
                  00007e9e    00000012     rtsv7M3_T_le_eabi.lib : strcpy.obj (.text)
                  00007eb0    00000010     ethernet.obj (.text:EthernetPacketGetNonBlocking)
                  00007ec0    00000010     internet.obj (.text:libMU_Internet_IsPageReadingFinished)
                  00007ed0    00000010     port.obj (.text:vPortYieldFromISR)
                  00007ee0    00000010     tasks.obj (.text:vTaskSuspendAll)
                  00007ef0    0000000e     adc.obj (.text:ADCSequenceEnable)
                  00007efe    0000000e     timer.obj (.text:TimerEnable)
                  00007f0c    0000000e     webclient.obj (.text:copy_string)
                  00007f1a    0000000e     rtsv7M3_T_le_eabi.lib : copy_decompress_none.obj (.text:decompress:none)
                  00007f28    0000000e     temperatura.obj (.text:libMU_Temperature_Get)
                  00007f36    0000000e     rtsv7M3_T_le_eabi.lib : xdclass.obj (.text)
                  00007f44    0000000e     uip_timer.obj (.text:timer_set)
                  00007f52    0000000c     ethernet.obj (.text:EthernetIntStatus)
                  00007f5e    00000002     --HOLE-- [fill = 0]
                  00007f60    0000000c     rit128x96x4.obj (.text:RIT128x96x4DisplayOff)
                  00007f6c    0000000c     timer.obj (.text:TimerValueGet)
                  00007f78    0000000c     internet.obj (.text:libMU_Internet_GetNumberOfFramesReceived)
                  00007f84    0000000c     internet.obj (.text:libMU_Internet_GetNumberOfFramesSent)
                  00007f90    0000000c     internet.obj (.text:libMU_Internet_GetStatus)
                  00007f9c    0000000c     internet.obj (.text:libMU_Internet_Server_SetCommandProcessingInfo)
                  00007fa8    0000000c     tasks.obj (.text:vTaskMissedYield)
                  00007fb4    0000000c     internet.obj (.text:webclient_aborted)
                  00007fc0    0000000c     internet.obj (.text:webclient_closed)
                  00007fcc    0000000a     adc.obj (.text:ADCIntClear)
                  00007fd6    0000000a     adc.obj (.text:ADCSequenceOverflowClear)
                  00007fe0    0000000a     ethernet.obj (.text:EthernetIntDisable)
                  00007fea    0000000a     ethernet.obj (.text:EthernetPacketPut)
                  00007ff4    0000000a     ssi.obj (.text:SSIDataPut)
                  00007ffe    0000000a     ssi.obj (.text:SSIDisable)
                  00008008    0000000a     ssi.obj (.text:SSIEnable)
                  00008012    0000000a     uart.obj (.text:UARTCharPut)
                  0000801c    0000000a     uip.obj (.text:htons)
                  00008026    0000000a     psock.obj (.text:psock_datalen)
                  00008030    00000008     ethernet.obj (.text:EthernetIntEnable)
                  00008038    00000008     ssi.obj (.text:SSIBusy)
                  00008040    00000008     dhcpc.obj (.text:add_end)
                  00008048    00000008     httpd.obj (.text:httpd_init)
                  00008050    00000008     internet.obj (.text:libMU_Internet_DNS_resolution)
                  00008058    00000008     siemensTCP_app.obj (.text:siemensTCP_app_init)
                  00008060    00000006     gpio.obj (.text:GPIOPinRead)
                  00008066    00000006     gpio.obj (.text:GPIOPinWrite)
                  0000806c    00000006     startup_MU.obj (.text:ResetISR)
                  00008072    00000006     sysctl.obj (.text:SysCtlDelay)
                  00008078    00000006     psock.obj (.text:buf_setup)
                  0000807e    00000006     rtsv7M3_T_le_eabi.lib : copy_decompress_rle.obj (.text:decompress:rle24)
                  00008084    00000006     uip.obj (.text:uip_tcpchksum)
                  0000808a    00000006     list.obj (.text:vListInitialiseItem)
                  00008090    00000004     ethernet.obj (.text:EthernetIntClear)
                  00008094    00000004     timer.obj (.text:TimerIntClear)
                  00008098    00000004     dhcpc.obj (.text:dhcpc_appcall)
                  0000809c    00000004     demo_selector.obj (.text:main)

.const     0    000080a0    000007c0     
                  000080a0    000001e0     rit128x96x4.obj (.const:g_pucFont)
                  00008280    00000186     http-strings.obj (.const)
                  00008406    00000002     --HOLE-- [fill = 0]
                  00008408    00000101     rtsv7M3_T_le_eabi.lib : ctype.obj (.const:_ctypes_)
                  00008509    00000003     --HOLE-- [fill = 0]
                  0000850c    00000070     interrupt.obj (.const)
                  0000857c    0000006c     sysctl.obj (.const:g_pulXtals)
                  000085e8    0000005b     http-strings.obj (.const:http_header_404)
                  00008643    00000001     --HOLE-- [fill = 0]
                  00008644    00000054     http-strings.obj (.const:http_header_200)
                  00008698    0000004f     rit128x96x4.obj (.const:g_pucRIT128x96x4Init)
                  000086e7    00000001     --HOLE-- [fill = 0]
                  000086e8    0000004e     http-strings.obj (.const:http_user_agent_fields)
                  00008736    00000002     --HOLE-- [fill = 0]
                  00008738    00000040     demo_8_Internet.obj (.const:.string)
                  00008778    00000040     sysctl.obj (.const)
                  000087b8    0000003c     internet.obj (.const)
                  000087f4    0000002b     http-strings.obj (.const:http_content_type_binary)
                  0000881f    00000001     --HOLE-- [fill = 0]
                  00008820    00000018     telnet_client.obj (.const)
                  00008838    0000000c     rit128x96x4.obj (.const)
                  00008844    0000000a     uip_arp.obj (.const)
                  0000884e    00000002     --HOLE-- [fill = 0]
                  00008850    00000008     dhcpc.obj (.const)
                  00008858    00000008     uip.obj (.const)

.cinit     0    00008860    00000c90     
                  00008860    00000c6b     (.cinit..data.load) [load image, compression = rle]
                  000094cb    00000001     --HOLE-- [fill = 0]
                  000094cc    0000000c     (__TI_handler_table)
                  000094d8    00000008     (.cinit..bss.load) [load image, compression = zero_init]
                  000094e0    00000010     (__TI_cinit_table)

.sysmem    0    20000000    00008000     UNINITIALIZED
                  20000000    00000008     rtsv7M3_T_le_eabi.lib : memory.obj (.sysmem)
                  20000008    00007ff8     --HOLE--

.bss       0    20008000    00001100     UNINITIALIZED
                  20008000    000005e0     uip.obj (.bss:uip_buf)
                  200085e0    000003b0     uip.obj (.bss:uip_conns)
                  20008990    00000180     webclient.obj (.bss:s)
                  20008b10    00000100     uip.obj (.bss:uip_udp_conns)
                  20008c10    000000c8     httpd.obj (.bss:httpd_script_param)
                  20008cd8    000000a8     resolv.obj (.bss:names)
                  20008d80    000000a8     telnet_client.obj (.bss:s)
                  20008e28    00000078     internet.obj (.bss:libMU_Internet_Server_Responses)
                  20008ea0    00000060     uip_arp.obj (.bss:arp_table)
                  20008f00    00000050     tasks.obj (.bss:pxReadyTasksLists)
                  20008f50    00000044     tasks.obj (.bss)
                  20008f94    0000003c     uip.obj (.bss)
                  20008fd0    00000034     dhcpc.obj (.bss:s)
                  20009004    00000034     uip.obj (.bss:uip_stat)
                  20009038    00000020     analogico_digital.obj (.bss)
                  20009058    0000001c     demo_9_Internet_PLC.obj (.bss)
                  20009074    00000018     special_server.obj (.bss)
                  2000908c    00000010     telnet_client.obj (.bss)
                  2000909c    0000000c     PLC_Mem_Interface.obj (.bss)
                  200090a8    0000000c     Task_Ethernet_UIP.obj (.bss)
                  200090b4    0000000c     demo_8_Internet.obj (.bss)
                  200090c0    0000000c     rit128x96x4.obj (.bss)
                  200090cc    0000000c     siemensTCP_app.obj (.bss)
                  200090d8    00000008     resolv.obj (.bss)
                  200090e0    00000008     ssdp.obj (.bss)
                  200090e8    00000008     uip_arp.obj (.bss)
                  200090f0    00000006     protocol_switcher_app.obj (.bss)
                  200090f6    00000002     --HOLE--
                  200090f8    00000004     botones.obj (.bss)
                  200090fc    00000004     webclient.obj (.bss)

.stack     0    20009100    00001000     UNINITIALIZED
                  20009100    00001000     --HOLE--

.data      0    2000a100    00000de5     
                  2000a100    000004c2     demo_8_Internet.obj (.data:services_descriptor)
                  2000a5c2    00000002     --HOLE--
                  2000a5c4    000004b3     demo_8_Internet.obj (.data:device_descriptor)
                  2000aa77    00000001     --HOLE--
                  2000aa78    00000223     demo_8_Internet.obj (.data:respuesta_form)
                  2000ac9b    00000001     --HOLE--
                  2000ac9c    00000004     cronometro.obj (.data)
                  2000aca0    00000070     rtsv7M3_T_le_eabi.lib : xlvalues.obj (.data)
                  2000ad10    00000064     demo_8_Internet.obj (.data:respuesta_datos)
                  2000ad74    00000064     demo_8_Internet.obj (.data:respuesta_temp)
                  2000add8    00000040     udp_frame.obj (.data:udp_frame_pi)
                  2000ae18    00000034     tasks.obj (.data)
                  2000ae4c    0000001c     demo_8_Internet.obj (.data)
                  2000ae68    00000016     siemensTCP_app.obj (.data)
                  2000ae7e    00000002     --HOLE--
                  2000ae80    0000000d     Task_Ethernet_UIP.obj (.data)
                  2000ae8d    00000003     --HOLE--
                  2000ae90    0000000d     resolv.obj (.data)
                  2000ae9d    00000003     --HOLE--
                  2000aea0    0000000c     internet.obj (.data)
                  2000aeac    0000000c     rtsv7M3_T_le_eabi.lib : memory.obj (.data)
                  2000aeb8    00000008                           : _lock.obj (.data)
                  2000aec0    00000008                           : exit.obj (.data)
                  2000aec8    00000006     uip.obj (.data)
                  2000aece    00000002     --HOLE--
                  2000aed0    00000004     port.obj (.data)
                  2000aed4    00000004     rtsv7M3_T_le_eabi.lib : errno.obj (.data)
                  2000aed8    00000004                           : stkdepth_vars.obj (.data)
                  2000aedc    00000004     telnet_client.obj (.data)
                  2000aee0    00000004     udp_frame.obj (.data)
                  2000aee4    00000001     special_server.obj (.data)


LINKER GENERATED COPY TABLES

__TI_cinit_table @ 000094e0 records: 2, size/record: 8, table size: 16
	.data: load addr=00008860, load size=00000c6b bytes, run addr=2000a100, run size=00000de5 bytes, compression=rle
	.bss: load addr=000094d8, load size=00000008 bytes, run addr=20008000, run size=00001100 bytes, compression=zero_init


LINKER GENERATED HANDLER TABLE

__TI_handler_table @ 000094cc records: 3, size/record: 4, table size: 12
	index: 0, handler: __TI_decompress_rle24
	index: 1, handler: __TI_decompress_none
	index: 2, handler: __TI_zero_init


GLOBAL SYMBOLS: SORTED ALPHABETICALLY BY Name 

address    name
--------   ----
00007fcd   ADCIntClear
00007591   ADCIntStatus
000076f9   ADCSequenceConfigure
00007933   ADCSequenceDataGet
00007ef1   ADCSequenceEnable
00007fd7   ADCSequenceOverflowClear
00005b7d   ADCSequenceStepConfigure
00003037   BusFaultISR
00006edd   C$$EXIT
200090e4   Contador_Envio_SSDP
00007723   EthernetConfigSet
000078a9   EthernetEnable
00007d71   EthernetInitExpClk
00008091   EthernetIntClear
00007fe1   EthernetIntDisable
00008031   EthernetIntEnable
00006f65   EthernetIntHandler
00007f53   EthernetIntStatus
0000720d   EthernetMACAddrSet
00007a15   EthernetPHYRead
00007eb1   EthernetPacketGetNonBlocking
00007feb   EthernetPacketPut
0000370b   FaultISR
00007245   FlashUserGet
000075bf   GPIODirModeSet
00004693   GPIOPadConfigSet
00008061   GPIOPinRead
00007dfd   GPIOPinTypeADC
00007e0f   GPIOPinTypeEthernetLED
00007e21   GPIOPinTypeGPIOOutput
00007e33   GPIOPinTypeSSI
00007e45   GPIOPinTypeUART
00008067   GPIOPinWrite
00005ff5   Initialize_EthernetHW
0000427d   Initialize_UIP
0000475b   IntDefaultHandler
00005e65   IntEnable
0000370d   Loop_UIP
0000554b   MemFaultISR
0000585b   NmiSR
20009060   PLC_Reads
000070a5   PLC_ReceiveMemoryData
00006d89   PLC_SendMemoryData
2000905c   PLC_Writes
00006bd9   RIT128x96x4Clear
00007f61   RIT128x96x4DisplayOff
00006055   RIT128x96x4Enable
00004f75   RIT128x96x4Init
00004355   RIT128x96x4StringDraw
0000806d   ResetISR
00008039   SSIBusy
00006dcd   SSIConfigSetExpClk
00007ff5   SSIDataPut
00007fff   SSIDisable
00008009   SSIEnable
2000ae80   Sem_EthPacketReceived
2000ae90   Sem_Resolv
20009058   Switches
00007955   SysCtlADCSpeedSet
00002ae9   SysCtlClockGet
00003491   SysCtlClockSet
00008073   SysCtlDelay
000065d1   SysCtlPeripheralEnable
0000554d   SysCtlPeripheralReset
0000594d   Task_Ethernet
0000783d   TimerConfigure
00007b81   TimerControlTrigger
00007eff   TimerEnable
00008095   TimerIntClear
00007e57   TimerLoadSet
00007f6d   TimerValueGet
00008013   UARTCharPut
00006f21   UARTConfigSetExpClk
00007a71   UARTDisable
00007d85   UARTEnable
00005d2b   UsageFaultISR
00007f37   _Dclass
00006d41   _Dtest
2000aed4   _Errno
2000aca0   _LDenorm
2000acb0   _LEps
2000acc0   _LInf
2000acd0   _LNan
2000acf0   _LRteps
2000ace0   _LSnan
2000ad00   _LXbig
2000ad08   _LZero
2000a100   __STACK_END
00001000   __STACK_SIZE
20009200   __STACK_TOP
00008000   __SYSMEM_SIZE
000094e0   __TI_CINIT_Base
000094f0   __TI_CINIT_Limit
000094cc   __TI_Handler_Table_Base
000094d8   __TI_Handler_Table_Limit
00000001   __TI_args_main
00005281   __TI_auto_init
00007f1b   __TI_decompress_none
0000807f   __TI_decompress_rle24
00000000   __TI_static_base__
00007e7b   __TI_zero_init
000057dd   __aeabi_cdcmpeq
000057dd   __aeabi_cdcmple
00006cb1   __aeabi_d2iz
00002e8b   __aeabi_dadd
000035d5   __aeabi_ddiv
00003b3d   __aeabi_dmul
00002e81   __aeabi_dsub
0000761b   __aeabi_i2d
00007c29   __aeabi_lmul
000058d5   __aeabi_memclr
000058d5   __aeabi_memclr4
000058d5   __aeabi_memclr8
000050b5   __aeabi_memcpy
000050b5   __aeabi_memcpy4
000050b5   __aeabi_memcpy8
000058d7   __aeabi_memset
000058d7   __aeabi_memset4
000058d7   __aeabi_memset8
000028f5   __aeabi_uldivmod
ffffffff   __binit__
ffffffff   __c_args__
20009100   __stack
00005e63   __tdeh_init
000079d5   _args_main
00007435   _c_int00
2000aec0   _cleanup_ptr
00008408   _ctypes_
2000aec4   _dtors_ptr
2000aeb8   _lock
00007c1d   _nop
00000def   _printfi
00007c17   _register_lock
00007c11   _register_unlock
20000000   _sys_memory
2000aebc   _unlock
00006ee1   abort
00006b41   atoi
2000ae8c   bInitUIP
ffffffff   binit
00002177   calloc
00007cd1   clock_time
00006c69   copy_in
2000a5c4   device_descriptor
00008099   dhcpc_appcall
00006fe5   dhcpc_configured
000072b5   dhcpc_init
000077c9   dhcpc_request
00006ee9   exit
00001ec3   free
00000000   g_pfnVectors
0000801d   htons
000082a2   http_10
000082ab   http_11
00008288   http_200
0000828d   http_301
00008292   http_302
000082fe   http_404_html
000082b4   http_content_length
000082c4   http_content_type
000087f4   http_content_type_binary
0000834a   http_content_type_css
0000839d   http_content_type_gif
0000832e   http_content_type_html
000083b9   http_content_type_jpg
00008311   http_content_type_plain
00008381   http_content_type_png
00008365   http_content_type_text
000082ef   http_crnl
000083e8   http_css
00008297   http_get
000083f2   http_gif
00008644   http_header_200
000085e8   http_header_404
000082e8   http_host
000083e3   http_htm
000083d6   http_html
00008280   http_http
000082f2   http_index_html
000083f7   http_jpg
000082dd   http_location
000083ed   http_png
0000829c   http_post
00008308   http_referer
000083dc   http_shtml
000083fc   http_text
000082d3   http_texthtml
00008401   http_txt
000086e8   http_user_agent_fields
0000575d   httpd_appcall
000059bd   httpd_fs_open
000072ed   httpd_fs_strcmp
00008049   httpd_init
20008c10   httpd_script_param
2000ae88   lARPTimer
2000ae84   lPeriodicTimer
000063a9   libMU_AD_GetChannelValue
00005435   libMU_AD_Initialize
200090f8   libMU_ButtonState
00006405   libMU_Button_Initialize
00007bb1   libMU_Display_Initialize
00008051   libMU_Internet_DNS_resolution
00007ce9   libMU_Internet_Delay
00007d99   libMU_Internet_GetDeviceIP
00005dfd   libMU_Internet_GetFormIntegerValue
00004d6d   libMU_Internet_GetFormStringValue
00007f79   libMU_Internet_GetNumberOfFramesReceived
00007f85   libMU_Internet_GetNumberOfFramesSent
00004ecd   libMU_Internet_GetPage
00007f91   libMU_Internet_GetStatus
000049b1   libMU_Internet_GetWiFiRouterIP
00006461   libMU_Internet_Initialize
00007ec1   libMU_Internet_IsPageReadingFinished
2000aea4   libMU_Internet_PageReaderFunction
20008e28   libMU_Internet_Server_Responses
00007f9d   libMU_Internet_Server_SetCommandProcessingInfo
00004a75   libMU_Internet_Server_SetPage
2000aea8   libMU_Internet_Server_TagNumber
000073cd   libMU_LED_Initialize
00007975   libMU_LED_Toggle
00006831   libMU_Serial_Initialize
00007dad   libMU_Serial_SendChar
000075ed   libMU_Serial_SendChars
00007bc9   libMU_Serial_SendString
2000ac9c   libMU_Stopwatch_Count_HighOrder
00006e11   libMU_Stopwatch_Initialize
00007995   libMU_Stopwatch_Start
00007cff   libMU_Temperature_Convert
00007f29   libMU_Temperature_Get
00006681   ltoa
0000809d   main
00006c21   main_demo_8
2000aed8   main_func_sp
00001e61   malloc
000020a1   memalign
00007b4d   memccpy
000078cb   memcmp
000050b5   memcpy
000058dd   memset
00001dd5   minit
2000aea0   network_state
00002571   process_siemensTCP_frame
00006881   protocol_switcher_app_init
00008027   psock_datalen
00005a2d   psock_generator_send
000079b5   psock_init
00007649   psock_newdata
00005659   psock_readto
00006789   psock_send
00007be1   pvPortMalloc
2000ae18   pxCurrentTCB
00007b33   pxPortInitialiseStack
00001f8d   realloc
000074d1   resolv_appcall
00007ac5   resolv_conf
00007bf9   resolv_found
00005a9d   resolv_hostname
00007401   resolv_init
00006e99   resolv_lookup
000060b5   resolv_query
20008d80   s
2000a100   services_descriptor
00008820   setup1_cmd
00008823   setup2_cmd
00008059   siemensTCP_app_init
000066d9   siemensTCP_appcall
2000ae69   siemensTCP_msg
2000ae68   siemensTCP_state
200090cc   siemens_stats
00005151   snprintf
00007c71   specserver_app_init
00004b35   specserver_appcall
20009074   specserver_resp_data
20009078   specserver_resp_data_len
2000907c   specserver_stats
00006115   sprintf
000031d5   ssdp_advertise
00005ec9   ssdp_udpapp
00005f2d   ssdp_udpinit
00007d15   strchr
00007c41   strcmp
00007e9f   strcpy
00007de9   strlen
00007817   strncmp
00007501   strncpy
00007c59   strrchr
0000749d   strstr
0000392d   strtoul
00007159   tcp_protocol_switcher_appcall
000051e9   telnet_client_appcall
00005be9   telnet_client_cmd
00005b0d   telnet_client_cmd_int
00007025   telnet_client_init
00005d2d   telnet_client_open
2000908c   telnet_stats
00007b67   timer_expired
00007f45   timer_set
2000909c   tr
20009064   tr_byte
00005d95   udp_frame_appcall
00007195   udp_protocol_switcher_appcall
20008fc8   uip_acc32
00006731   uip_add32
20008fa0   uip_appdata
00004bf5   uip_arp_arpin
00003341   uip_arp_out
000068d1   uip_arp_timer
20008000   uip_buf
20008fb0   uip_conn
000041a1   uip_connect
200085e0   uip_conns
20008f98   uip_draddr
2000aec8   uip_ethaddr
20008fac   uip_flags
20008f94   uip_hostaddr
00006519   uip_init
000079f5   uip_ipchksum
20008fa8   uip_len
000076a1   uip_listen
20008fb4   uip_listenports
20008f9c   uip_netmask
00000f7d   uip_process
20008fa4   uip_sappdata
00007861   uip_send
20008faa   uip_slen
20009004   uip_stat
00008085   uip_tcpchksum
20008fbc   uip_udp_conn
20008b10   uip_udp_conns
000053a5   uip_udp_new
00006b8d   uiplib_ipaddrconv
200090e0   upd_conex
00007d2b   vListInitialise
0000808b   vListInitialiseItem
00007395   vListInsert
00007ae1   vListInsertEnd
000078ed   vListRemove
00007c89   vPortEnterCritical
00007ca1   vPortExitCritical
00007d41   vPortFree
00007911   vPortSVCHandler
00007d59   vPortStartFirstTask
00007ed1   vPortYieldFromISR
00006575   vTaskDelayUntil
00003e1d   vTaskIncrementTick
00007fa9   vTaskMissedYield
000076cd   vTaskPlaceOnEventList
00007cb9   vTaskSetTimeOutState
00006921   vTaskStartScheduler
00007ee1   vTaskSuspendAll
00005f91   vTaskSwitchContext
00007fb5   webclient_aborted
00004825   webclient_appcall
00007fc1   webclient_closed
00006bd7   webclient_connected
00007afd   webclient_datahandler
000061d5   webclient_get
00006d87   webclient_init
00006f63   webclient_timedout
00007065   xPortPendSVHandler
00007561   xPortStartScheduler
00007885   xPortSysTickHandler
00005cc1   xQueueGenericCreate
00003fe5   xQueueGenericReceive
000045c9   xQueueGenericSend
00006a0f   xQueueGenericSendFromISR
00006971   xTaskCheckForTimeOut
00003f01   xTaskGenericCreate
00007cd1   xTaskGetTickCount
00005c55   xTaskRemoveFromEventList
000044f9   xTaskResumeAll


GLOBAL SYMBOLS: SORTED BY Symbol Address 

address    name
--------   ----
00000000   __TI_static_base__
00000000   g_pfnVectors
00000001   __TI_args_main
00000def   _printfi
00000f7d   uip_process
00001000   __STACK_SIZE
00001dd5   minit
00001e61   malloc
00001ec3   free
00001f8d   realloc
000020a1   memalign
00002177   calloc
00002571   process_siemensTCP_frame
000028f5   __aeabi_uldivmod
00002ae9   SysCtlClockGet
00002e81   __aeabi_dsub
00002e8b   __aeabi_dadd
00003037   BusFaultISR
000031d5   ssdp_advertise
00003341   uip_arp_out
00003491   SysCtlClockSet
000035d5   __aeabi_ddiv
0000370b   FaultISR
0000370d   Loop_UIP
0000392d   strtoul
00003b3d   __aeabi_dmul
00003e1d   vTaskIncrementTick
00003f01   xTaskGenericCreate
00003fe5   xQueueGenericReceive
000041a1   uip_connect
0000427d   Initialize_UIP
00004355   RIT128x96x4StringDraw
000044f9   xTaskResumeAll
000045c9   xQueueGenericSend
00004693   GPIOPadConfigSet
0000475b   IntDefaultHandler
00004825   webclient_appcall
000049b1   libMU_Internet_GetWiFiRouterIP
00004a75   libMU_Internet_Server_SetPage
00004b35   specserver_appcall
00004bf5   uip_arp_arpin
00004d6d   libMU_Internet_GetFormStringValue
00004ecd   libMU_Internet_GetPage
00004f75   RIT128x96x4Init
000050b5   __aeabi_memcpy
000050b5   __aeabi_memcpy4
000050b5   __aeabi_memcpy8
000050b5   memcpy
00005151   snprintf
000051e9   telnet_client_appcall
00005281   __TI_auto_init
000053a5   uip_udp_new
00005435   libMU_AD_Initialize
0000554b   MemFaultISR
0000554d   SysCtlPeripheralReset
00005659   psock_readto
0000575d   httpd_appcall
000057dd   __aeabi_cdcmpeq
000057dd   __aeabi_cdcmple
0000585b   NmiSR
000058d5   __aeabi_memclr
000058d5   __aeabi_memclr4
000058d5   __aeabi_memclr8
000058d7   __aeabi_memset
000058d7   __aeabi_memset4
000058d7   __aeabi_memset8
000058dd   memset
0000594d   Task_Ethernet
000059bd   httpd_fs_open
00005a2d   psock_generator_send
00005a9d   resolv_hostname
00005b0d   telnet_client_cmd_int
00005b7d   ADCSequenceStepConfigure
00005be9   telnet_client_cmd
00005c55   xTaskRemoveFromEventList
00005cc1   xQueueGenericCreate
00005d2b   UsageFaultISR
00005d2d   telnet_client_open
00005d95   udp_frame_appcall
00005dfd   libMU_Internet_GetFormIntegerValue
00005e63   __tdeh_init
00005e65   IntEnable
00005ec9   ssdp_udpapp
00005f2d   ssdp_udpinit
00005f91   vTaskSwitchContext
00005ff5   Initialize_EthernetHW
00006055   RIT128x96x4Enable
000060b5   resolv_query
00006115   sprintf
000061d5   webclient_get
000063a9   libMU_AD_GetChannelValue
00006405   libMU_Button_Initialize
00006461   libMU_Internet_Initialize
00006519   uip_init
00006575   vTaskDelayUntil
000065d1   SysCtlPeripheralEnable
00006681   ltoa
000066d9   siemensTCP_appcall
00006731   uip_add32
00006789   psock_send
00006831   libMU_Serial_Initialize
00006881   protocol_switcher_app_init
000068d1   uip_arp_timer
00006921   vTaskStartScheduler
00006971   xTaskCheckForTimeOut
00006a0f   xQueueGenericSendFromISR
00006b41   atoi
00006b8d   uiplib_ipaddrconv
00006bd7   webclient_connected
00006bd9   RIT128x96x4Clear
00006c21   main_demo_8
00006c69   copy_in
00006cb1   __aeabi_d2iz
00006d41   _Dtest
00006d87   webclient_init
00006d89   PLC_SendMemoryData
00006dcd   SSIConfigSetExpClk
00006e11   libMU_Stopwatch_Initialize
00006e99   resolv_lookup
00006edd   C$$EXIT
00006ee1   abort
00006ee9   exit
00006f21   UARTConfigSetExpClk
00006f63   webclient_timedout
00006f65   EthernetIntHandler
00006fe5   dhcpc_configured
00007025   telnet_client_init
00007065   xPortPendSVHandler
000070a5   PLC_ReceiveMemoryData
00007159   tcp_protocol_switcher_appcall
00007195   udp_protocol_switcher_appcall
0000720d   EthernetMACAddrSet
00007245   FlashUserGet
000072b5   dhcpc_init
000072ed   httpd_fs_strcmp
00007395   vListInsert
000073cd   libMU_LED_Initialize
00007401   resolv_init
00007435   _c_int00
0000749d   strstr
000074d1   resolv_appcall
00007501   strncpy
00007561   xPortStartScheduler
00007591   ADCIntStatus
000075bf   GPIODirModeSet
000075ed   libMU_Serial_SendChars
0000761b   __aeabi_i2d
00007649   psock_newdata
000076a1   uip_listen
000076cd   vTaskPlaceOnEventList
000076f9   ADCSequenceConfigure
00007723   EthernetConfigSet
000077c9   dhcpc_request
00007817   strncmp
0000783d   TimerConfigure
00007861   uip_send
00007885   xPortSysTickHandler
000078a9   EthernetEnable
000078cb   memcmp
000078ed   vListRemove
00007911   vPortSVCHandler
00007933   ADCSequenceDataGet
00007955   SysCtlADCSpeedSet
00007975   libMU_LED_Toggle
00007995   libMU_Stopwatch_Start
000079b5   psock_init
000079d5   _args_main
000079f5   uip_ipchksum
00007a15   EthernetPHYRead
00007a71   UARTDisable
00007ac5   resolv_conf
00007ae1   vListInsertEnd
00007afd   webclient_datahandler
00007b33   pxPortInitialiseStack
00007b4d   memccpy
00007b67   timer_expired
00007b81   TimerControlTrigger
00007bb1   libMU_Display_Initialize
00007bc9   libMU_Serial_SendString
00007be1   pvPortMalloc
00007bf9   resolv_found
00007c11   _register_unlock
00007c17   _register_lock
00007c1d   _nop
00007c29   __aeabi_lmul
00007c41   strcmp
00007c59   strrchr
00007c71   specserver_app_init
00007c89   vPortEnterCritical
00007ca1   vPortExitCritical
00007cb9   vTaskSetTimeOutState
00007cd1   clock_time
00007cd1   xTaskGetTickCount
00007ce9   libMU_Internet_Delay
00007cff   libMU_Temperature_Convert
00007d15   strchr
00007d2b   vListInitialise
00007d41   vPortFree
00007d59   vPortStartFirstTask
00007d71   EthernetInitExpClk
00007d85   UARTEnable
00007d99   libMU_Internet_GetDeviceIP
00007dad   libMU_Serial_SendChar
00007de9   strlen
00007dfd   GPIOPinTypeADC
00007e0f   GPIOPinTypeEthernetLED
00007e21   GPIOPinTypeGPIOOutput
00007e33   GPIOPinTypeSSI
00007e45   GPIOPinTypeUART
00007e57   TimerLoadSet
00007e7b   __TI_zero_init
00007e9f   strcpy
00007eb1   EthernetPacketGetNonBlocking
00007ec1   libMU_Internet_IsPageReadingFinished
00007ed1   vPortYieldFromISR
00007ee1   vTaskSuspendAll
00007ef1   ADCSequenceEnable
00007eff   TimerEnable
00007f1b   __TI_decompress_none
00007f29   libMU_Temperature_Get
00007f37   _Dclass
00007f45   timer_set
00007f53   EthernetIntStatus
00007f61   RIT128x96x4DisplayOff
00007f6d   TimerValueGet
00007f79   libMU_Internet_GetNumberOfFramesReceived
00007f85   libMU_Internet_GetNumberOfFramesSent
00007f91   libMU_Internet_GetStatus
00007f9d   libMU_Internet_Server_SetCommandProcessingInfo
00007fa9   vTaskMissedYield
00007fb5   webclient_aborted
00007fc1   webclient_closed
00007fcd   ADCIntClear
00007fd7   ADCSequenceOverflowClear
00007fe1   EthernetIntDisable
00007feb   EthernetPacketPut
00007ff5   SSIDataPut
00007fff   SSIDisable
00008000   __SYSMEM_SIZE
00008009   SSIEnable
00008013   UARTCharPut
0000801d   htons
00008027   psock_datalen
00008031   EthernetIntEnable
00008039   SSIBusy
00008049   httpd_init
00008051   libMU_Internet_DNS_resolution
00008059   siemensTCP_app_init
00008061   GPIOPinRead
00008067   GPIOPinWrite
0000806d   ResetISR
00008073   SysCtlDelay
0000807f   __TI_decompress_rle24
00008085   uip_tcpchksum
0000808b   vListInitialiseItem
00008091   EthernetIntClear
00008095   TimerIntClear
00008099   dhcpc_appcall
0000809d   main
00008280   http_http
00008288   http_200
0000828d   http_301
00008292   http_302
00008297   http_get
0000829c   http_post
000082a2   http_10
000082ab   http_11
000082b4   http_content_length
000082c4   http_content_type
000082d3   http_texthtml
000082dd   http_location
000082e8   http_host
000082ef   http_crnl
000082f2   http_index_html
000082fe   http_404_html
00008308   http_referer
00008311   http_content_type_plain
0000832e   http_content_type_html
0000834a   http_content_type_css
00008365   http_content_type_text
00008381   http_content_type_png
0000839d   http_content_type_gif
000083b9   http_content_type_jpg
000083d6   http_html
000083dc   http_shtml
000083e3   http_htm
000083e8   http_css
000083ed   http_png
000083f2   http_gif
000083f7   http_jpg
000083fc   http_text
00008401   http_txt
00008408   _ctypes_
000085e8   http_header_404
00008644   http_header_200
000086e8   http_user_agent_fields
000087f4   http_content_type_binary
00008820   setup1_cmd
00008823   setup2_cmd
000094cc   __TI_Handler_Table_Base
000094d8   __TI_Handler_Table_Limit
000094e0   __TI_CINIT_Base
000094f0   __TI_CINIT_Limit
20000000   _sys_memory
20008000   uip_buf
200085e0   uip_conns
20008b10   uip_udp_conns
20008c10   httpd_script_param
20008d80   s
20008e28   libMU_Internet_Server_Responses
20008f94   uip_hostaddr
20008f98   uip_draddr
20008f9c   uip_netmask
20008fa0   uip_appdata
20008fa4   uip_sappdata
20008fa8   uip_len
20008faa   uip_slen
20008fac   uip_flags
20008fb0   uip_conn
20008fb4   uip_listenports
20008fbc   uip_udp_conn
20008fc8   uip_acc32
20009004   uip_stat
20009058   Switches
2000905c   PLC_Writes
20009060   PLC_Reads
20009064   tr_byte
20009074   specserver_resp_data
20009078   specserver_resp_data_len
2000907c   specserver_stats
2000908c   telnet_stats
2000909c   tr
200090cc   siemens_stats
200090e0   upd_conex
200090e4   Contador_Envio_SSDP
200090f8   libMU_ButtonState
20009100   __stack
20009200   __STACK_TOP
2000a100   __STACK_END
2000a100   services_descriptor
2000a5c4   device_descriptor
2000ac9c   libMU_Stopwatch_Count_HighOrder
2000aca0   _LDenorm
2000acb0   _LEps
2000acc0   _LInf
2000acd0   _LNan
2000ace0   _LSnan
2000acf0   _LRteps
2000ad00   _LXbig
2000ad08   _LZero
2000ae18   pxCurrentTCB
2000ae68   siemensTCP_state
2000ae69   siemensTCP_msg
2000ae80   Sem_EthPacketReceived
2000ae84   lPeriodicTimer
2000ae88   lARPTimer
2000ae8c   bInitUIP
2000ae90   Sem_Resolv
2000aea0   network_state
2000aea4   libMU_Internet_PageReaderFunction
2000aea8   libMU_Internet_Server_TagNumber
2000aeb8   _lock
2000aebc   _unlock
2000aec0   _cleanup_ptr
2000aec4   _dtors_ptr
2000aec8   uip_ethaddr
2000aed4   _Errno
2000aed8   main_func_sp
ffffffff   __binit__
ffffffff   __c_args__
ffffffff   binit

[371 symbols]
