******************************************************************************
                  TMS470 Linker PC v4.9.0                      
******************************************************************************
>> Linked Wed Jun 06 18:17:57 2012

OUTPUT FILE NAME:   <UPnP.out>
ENTRY POINT SYMBOL: "_c_int00"  address: 0000740d


MEMORY CONFIGURATION

         name            origin    length      used     unused   attr    fill
----------------------  --------  ---------  --------  --------  ----  --------
  FLASH                 00000000   00040000  000094c8  00036b38  R  X
  SRAM                  20000000   00010000  0000b185  00004e7b  RW X


SEGMENT ALLOCATION MAP

run origin  load origin   length   init length attrs members
----------  ----------- ---------- ----------- ----- -------
00000000    00000000    000094c8   000094c8    r-x
  00000000    00000000    000000f0   000000f0    r-- .intvecs
  000000f0    000000f0    00007f88   00007f88    r-x .text
  00008078    00008078    000007c0   000007c0    r-- .const
  00008838    00008838    00000c90   00000c90    r-- .cinit
20000000    20000000    0000a3a0   00000000    rw-
  20000000    20000000    00008000   00000000    rw- .sysmem
  20008000    20008000    000013a0   00000000    rw- .bss
  200093a0    200093a0    00001000   00000000    rw- .stack
2000a3a0    2000a3a0    00000de5   00000de5    rw-
  2000a3a0    2000a3a0    00000de5   00000de5    rw- .data


SECTION ALLOCATION MAP

 output                                  attributes/
section   page    origin      length       input sections
--------  ----  ----------  ----------   ----------------
.intvecs   0    00000000    000000f0     
                  00000000    000000f0     startup_MU.obj (.intvecs)

.text      0    000000f0    00007f88     
                  000000f0    00000e8c     rtsv7M3_T_le_eabi.lib : _printfi.obj (.text)
                  00000f7c    00000e58     uip.obj (.text:uip_process)
                  00001dd4    000003e0     rtsv7M3_T_le_eabi.lib : memory.obj (.text)
                  000021b4    000003bc     demo_8_Internet.obj (.text:ProgramaPrincipal)
                  00002570    00000383     siemensTCP_app.obj (.text:process_siemensTCP_frame)
                  000028f3    00000001     --HOLE-- [fill = 0]
                  000028f4    000001f4     rtsv7M3_T_le_eabi.lib : ull_div_t2.obj (.text)
                  00002ae8    000001d8     sysctl.obj (.text:SysCtlClockGet)
                  00002cc0    000001c0     httpd.obj (.text:send_headers)
                  00002e80    000001b6     rtsv7M3_T_le_eabi.lib : fd_add_t2.obj (.text)
                  00003036    00000002     startup_MU.obj (.text:BusFaultISR)
                  00003038    000001b0     httpd.obj (.text:handle_input)
                  000031e8    00000150     uip_arp.obj (.text:uip_arp_out)
                  00003338    00000144     sysctl.obj (.text:SysCtlClockSet)
                  0000347c    00000144     ssdp.obj (.text:ssdp_advertise)
                  000035c0    00000136     rtsv7M3_T_le_eabi.lib : fd_div_t2.obj (.text)
                  000036f6    00000002     startup_MU.obj (.text:FaultISR)
                  000036f8    00000110     Task_Ethernet_UIP.obj (.text:Loop_UIP)
                  00003808    00000110     webclient.obj (.text:parse_headers)
                  00003918    00000110     rtsv7M3_T_le_eabi.lib : strtoul.obj (.text)
                  00003a28    00000100     dhcpc.obj (.text:handle_dhcp)
                  00003b28    000000fc     rtsv7M3_T_le_eabi.lib : fd_mul_t2.obj (.text)
                  00003c24    000000f0     resolv.obj (.text:check_entries)
                  00003d14    000000e4     tasks.obj (.text:vTaskIncrementTick)
                  00003df8    000000e4     tasks.obj (.text:xTaskGenericCreate)
                  00003edc    000000e0     demo_8_Internet.obj (.text:Internet_Procesamiento_control)
                  00003fbc    000000e0     queue.obj (.text:xQueueGenericReceive)
                  0000409c    000000dc     webclient.obj (.text:parse_statusline)
                  00004178    000000dc     uip.obj (.text:uip_connect)
                  00004254    000000d8     Task_Ethernet_UIP.obj (.text:Initialize_UIP)
                  0000432c    000000d4     rit128x96x4.obj (.text:RIT128x96x4StringDraw)
                  00004400    000000d0     uip_arp.obj (.text:uip_arp_update)
                  000044d0    000000d0     tasks.obj (.text:xTaskResumeAll)
                  000045a0    000000ca     queue.obj (.text:xQueueGenericSend)
                  0000466a    000000c8     gpio.obj (.text:GPIOPadConfigSet)
                  00004732    00000002     startup_MU.obj (.text:IntDefaultHandler)
                  00004734    000000c8     webclient.obj (.text:senddata)
                  000047fc    000000c8     webclient.obj (.text:webclient_appcall)
                  000048c4    000000c4     demo_8_Internet.obj (.text:Internet_ProcesamientoDeFormulario)
                  00004988    000000c4     internet.obj (.text:libMU_Internet_GetWiFiRouterIP)
                  00004a4c    000000c0     internet.obj (.text:libMU_Internet_Server_SetPage)
                  00004b0c    000000c0     special_server.obj (.text:specserver_appcall)
                  00004bcc    000000c0     uip_arp.obj (.text:uip_arp_arpin)
                  00004c8c    000000b8     resolv.obj (.text:newdata)
                  00004d44    000000b4     internet.obj (.text:libMU_Internet_GetFormStringValue)
                  00004df8    000000ac     telnet_client.obj (.text:newdata)
                  00004ea4    000000a8     internet.obj (.text:libMU_Internet_GetPage)
                  00004f4c    000000a0     rit128x96x4.obj (.text:RIT128x96x4Init)
                  00004fec    000000a0     dhcpc.obj (.text:create_msg)
                  0000508c    0000009c     rtsv7M3_T_le_eabi.lib : memcpy_t2.obj (.text)
                  00005128    00000098                           : snprintf.obj (.text)
                  000051c0    00000098     telnet_client.obj (.text:telnet_client_appcall)
                  00005258    00000094     rtsv7M3_T_le_eabi.lib : auto_init.obj (.text)
                  000052ec    00000090     ethernet.obj (.text:EthernetPacketGetInternal)
                  0000537c    00000090     uip.obj (.text:uip_udp_new)
                  0000540c    0000008c     analogico_digital.obj (.text:libMU_AD_Initialize)
                  00005498    0000008a     ethernet.obj (.text:EthernetPacketPutInternal)
                  00005522    00000002     startup_MU.obj (.text:MemFaultISR)
                  00005524    00000088     sysctl.obj (.text:SysCtlPeripheralReset)
                  000055ac    00000084     demo_8_Internet.obj (.text:Internet_ProcesamientoDePagina)
                  00005630    00000084     psock.obj (.text:psock_readto)
                  000056b4    00000080     httpd.obj (.text:handle_output)
                  00005734    00000080     httpd.obj (.text:httpd_appcall)
                  000057b4    0000007e     rtsv7M3_T_le_eabi.lib : fd_cmp_t2.obj (.text)
                  00005832    00000002     startup_MU.obj (.text:NmiSR)
                  00005834    00000078     dhcpc.obj (.text:parse_options)
                  000058ac    00000078     rtsv7M3_T_le_eabi.lib : memset_t2.obj (.text)
                  00005924    00000070     Task_Ethernet_UIP.obj (.text:Task_Ethernet)
                  00005994    00000070     internet.obj (.text:httpd_fs_open)
                  00005a04    00000070     psock.obj (.text:psock_generator_send)
                  00005a74    00000070     resolv.obj (.text:resolv_hostname)
                  00005ae4    00000070     telnet_client.obj (.text:telnet_client_cmd_int)
                  00005b54    0000006c     adc.obj (.text:ADCSequenceStepConfigure)
                  00005bc0    0000006c     telnet_client.obj (.text:telnet_client_cmd)
                  00005c2c    0000006c     tasks.obj (.text:xTaskRemoveFromEventList)
                  00005c98    0000006a     queue.obj (.text:xQueueGenericCreate)
                  00005d02    00000002     startup_MU.obj (.text:UsageFaultISR)
                  00005d04    00000068     telnet_client.obj (.text:telnet_client_open)
                  00005d6c    00000068     udp_frame.obj (.text:udp_frame_appcall)
                  00005dd4    00000066     internet.obj (.text:libMU_Internet_GetFormIntegerValue)
                  00005e3a    00000002     rtsv7M3_T_le_eabi.lib : tdeh_init.obj (.text)
                  00005e3c    00000064     interrupt.obj (.text:IntEnable)
                  00005ea0    00000064     ssdp.obj (.text:ssdp_udpapp)
                  00005f04    00000064     ssdp.obj (.text:ssdp_udpinit)
                  00005f68    00000064     tasks.obj (.text:vTaskSwitchContext)
                  00005fcc    00000060     Task_Ethernet_UIP.obj (.text:Initialize_EthernetHW)
                  0000602c    00000060     rit128x96x4.obj (.text:RIT128x96x4Enable)
                  0000608c    00000060     resolv.obj (.text:resolv_query)
                  000060ec    00000060     rtsv7M3_T_le_eabi.lib : sprintf.obj (.text)
                  0000614c    00000060     telnet_client.obj (.text:senddata)
                  000061ac    00000060     webclient.obj (.text:webclient_get)
                  0000620c    0000005e     queue.obj (.text:prvUnlockQueue)
                  0000626a    0000005e     rtsv7M3_T_le_eabi.lib : copy_decompress_rle.obj (.text)
                  000062c8    0000005c     rit128x96x4.obj (.text:RITWriteCommand)
                  00006324    0000005c     rit128x96x4.obj (.text:RITWriteData)
                  00006380    0000005c     analogico_digital.obj (.text:libMU_AD_GetChannelValue)
                  000063dc    0000005c     botones.obj (.text:libMU_Button_Initialize)
                  00006438    0000005c     internet.obj (.text:libMU_Internet_Initialize)
                  00006494    0000005c     dhcpc.obj (.text:parse_msg)
                  000064f0    0000005c     uip.obj (.text:uip_init)
                  0000654c    0000005c     tasks.obj (.text:vTaskDelayUntil)
                  000065a8    00000058     sysctl.obj (.text:SysCtlPeripheralEnable)
                  00006600    00000058     psock.obj (.text:buf_bufto)
                  00006658    00000058     rtsv7M3_T_le_eabi.lib : ltoa.obj (.text)
                  000066b0    00000058     siemensTCP_app.obj (.text:siemensTCP_appcall)
                  00006708    00000058     uip.obj (.text:uip_add32)
                  00006760    00000054     psock.obj (.text:psock_send)
                  000067b4    00000054     httpd.obj (.text:send_file)
                  00006808    00000050     serie.obj (.text:libMU_Serial_Initialize)
                  00006858    00000050     protocol_switcher_app.obj (.text:protocol_switcher_app_init)
                  000068a8    00000050     uip_arp.obj (.text:uip_arp_timer)
                  000068f8    00000050     tasks.obj (.text:vTaskStartScheduler)
                  00006948    00000050     tasks.obj (.text:xTaskCheckForTimeOut)
                  00006998    0000004e     queue.obj (.text:prvCopyDataToQueue)
                  000069e6    0000004e     queue.obj (.text:xQueueGenericSendFromISR)
                  00006a34    0000004c     psock.obj (.text:data_acked)
                  00006a80    0000004c     tasks.obj (.text:prvAddCurrentTaskToDelayedList)
                  00006acc    0000004c     tasks.obj (.text:prvInitialiseTaskLists)
                  00006b18    0000004c     rtsv7M3_T_le_eabi.lib : atoi.obj (.text)
                  00006b64    0000004a     uiplib.obj (.text:uiplib_ipaddrconv)
                  00006bae    00000002     internet.obj (.text:webclient_connected)
                  00006bb0    00000048     rit128x96x4.obj (.text:RIT128x96x4Clear)
                  00006bf8    00000048     demo_8_Internet.obj (.text:main_demo_8)
                  00006c40    00000048     rtsv7M3_T_le_eabi.lib : cpy_tbl.obj (.text)
                  00006c88    00000048                           : fd_toi_t2.obj (.text)
                  00006cd0    00000048     psock.obj (.text:send_data)
                  00006d18    00000046     rtsv7M3_T_le_eabi.lib : xdtest.obj (.text)
                  00006d5e    00000002     webclient.obj (.text:webclient_init)
                  00006d60    00000044     PLC_Mem_Interface.obj (.text:PLC_SendMemoryData)
                  00006da4    00000044     ssi.obj (.text:SSIConfigSetExpClk)
                  00006de8    00000044     cronometro.obj (.text:libMU_Stopwatch_Initialize)
                  00006e2c    00000044     webclient.obj (.text:newdata)
                  00006e70    00000044     resolv.obj (.text:resolv_lookup)
                  00006eb4    00000044     rtsv7M3_T_le_eabi.lib : exit.obj (.text)
                  00006ef8    00000042     uart.obj (.text:UARTConfigSetExpClk)
                  00006f3a    00000002     internet.obj (.text:webclient_timedout)
                  00006f3c    00000040     Task_Ethernet_UIP.obj (.text:EthernetIntHandler)
                  00006f7c    00000040     uip.obj (.text:chksum)
                  00006fbc    00000040     internet.obj (.text:dhcpc_configured)
                  00006ffc    00000040     telnet_client.obj (.text:telnet_client_init)
                  0000703c    0000003e     port.obj (.text:xPortPendSVHandler)
                  0000707a    00000002     --HOLE-- [fill = 0]
                  0000707c    0000003c     PLC_Mem_Interface.obj (.text:PLC_ReceiveMemoryData)
                  000070b8    0000003c     httpd.obj (.text:generate_part_of_file)
                  000070f4    0000003c     webclient.obj (.text:init_connection)
                  00007130    0000003c     protocol_switcher_app.obj (.text:tcp_protocol_switcher_appcall)
                  0000716c    0000003c     protocol_switcher_app.obj (.text:udp_protocol_switcher_appcall)
                  000071a8    0000003c     uip.obj (.text:upper_layer_chksum)
                  000071e4    00000038     ethernet.obj (.text:EthernetMACAddrSet)
                  0000721c    00000038     flash.obj (.text:FlashUserGet)
                  00007254    00000038     webclient.obj (.text:acked)
                  0000728c    00000038     dhcpc.obj (.text:dhcpc_init)
                  000072c4    00000038     internet.obj (.text:httpd_fs_strcmp)
                  000072fc    00000038     tasks.obj (.text:prvAllocateTCBAndStack)
                  00007334    00000038     tasks.obj (.text:prvInitialiseTCBVariables)
                  0000736c    00000038     list.obj (.text:vListInsert)
                  000073a4    00000034     leds.obj (.text:libMU_LED_Initialize)
                  000073d8    00000034     resolv.obj (.text:resolv_init)
                  0000740c    00000034     rtsv7M3_T_le_eabi.lib : boot.obj (.text)
                  00007440    00000034     dhcpc.obj (.text:send_request)
                  00007474    00000032     rtsv7M3_T_le_eabi.lib : strstr.obj (.text)
                  000074a6    00000002     --HOLE-- [fill = 0]
                  000074a8    00000030     resolv.obj (.text:resolv_appcall)
                  000074d8    00000030     rtsv7M3_T_le_eabi.lib : strncpy.obj (.text)
                  00007508    00000030     dhcpc.obj (.text:send_discover)
                  00007538    00000030     port.obj (.text:xPortStartScheduler)
                  00007568    0000002e     adc.obj (.text:ADCIntStatus)
                  00007596    0000002e     gpio.obj (.text:GPIODirModeSet)
                  000075c4    0000002e     serie.obj (.text:libMU_Serial_SendChars)
                  000075f2    0000002e     rtsv7M3_T_le_eabi.lib : i_tofd_t2.obj (.text)
                  00007620    0000002c     psock.obj (.text:psock_newdata)
                  0000764c    0000002c     uip.obj (.text:uip_add_rcv_nxt)
                  00007678    0000002c     uip.obj (.text:uip_listen)
                  000076a4    0000002c     tasks.obj (.text:vTaskPlaceOnEventList)
                  000076d0    0000002a     adc.obj (.text:ADCSequenceConfigure)
                  000076fa    0000002a     ethernet.obj (.text:EthernetConfigSet)
                  00007724    0000002a     webclient.obj (.text:casecmp)
                  0000774e    00000002     --HOLE-- [fill = 0]
                  00007750    00000028     demo_8_Internet.obj (.text:Internet_Procesamiento_eventSub)
                  00007778    00000028     telnet_client.obj (.text:acked)
                  000077a0    00000028     dhcpc.obj (.text:dhcpc_request)
                  000077c8    00000026     queue.obj (.text:prvCopyDataFromQueue)
                  000077ee    00000026     rtsv7M3_T_le_eabi.lib : strncmp.obj (.text)
                  00007814    00000024     timer.obj (.text:TimerConfigure)
                  00007838    00000024     uip.obj (.text:uip_send)
                  0000785c    00000024     port.obj (.text:xPortSysTickHandler)
                  00007880    00000022     ethernet.obj (.text:EthernetEnable)
                  000078a2    00000022     rtsv7M3_T_le_eabi.lib : memcmp.obj (.text)
                  000078c4    00000022     list.obj (.text:vListRemove)
                  000078e6    00000002     --HOLE-- [fill = 0]
                  000078e8    00000022     port.obj (.text:vPortSVCHandler)
                  0000790a    00000020     adc.obj (.text:ADCSequenceDataGet)
                  0000792a    00000002     --HOLE-- [fill = 0]
                  0000792c    00000020     sysctl.obj (.text:SysCtlADCSpeedSet)
                  0000794c    00000020     leds.obj (.text:libMU_LED_Toggle)
                  0000796c    00000020     cronometro.obj (.text:libMU_Stopwatch_Start)
                  0000798c    00000020     psock.obj (.text:psock_init)
                  000079ac    00000020     rtsv7M3_T_le_eabi.lib : args_main.obj (.text)
                  000079cc    00000020     uip.obj (.text:uip_ipchksum)
                  000079ec    0000001e     ethernet.obj (.text:EthernetPHYRead)
                  00007a0a    0000001e     dhcpc.obj (.text:add_req_options)
                  00007a28    0000001e     queue.obj (.text:prvIsQueueFull)
                  00007a46    00000002     --HOLE-- [fill = 0]
                  00007a48    0000001c     uart.obj (.text:UARTDisable)
                  00007a64    0000001c     dhcpc.obj (.text:add_req_ipaddr)
                  00007a80    0000001c     dhcpc.obj (.text:add_server_id)
                  00007a9c    0000001c     resolv.obj (.text:resolv_conf)
                  00007ab8    0000001c     list.obj (.text:vListInsertEnd)
                  00007ad4    0000001c     internet.obj (.text:webclient_datahandler)
                  00007af0    0000001a     queue.obj (.text:prvIsQueueEmpty)
                  00007b0a    0000001a     port.obj (.text:pxPortInitialiseStack)
                  00007b24    0000001a     rtsv7M3_T_le_eabi.lib : memccpy.obj (.text)
                  00007b3e    0000001a     uip_timer.obj (.text:timer_expired)
                  00007b58    00000018     timer.obj (.text:TimerControlTrigger)
                  00007b70    00000018     httpd.obj (.text:handle_connection)
                  00007b88    00000018     pantalla.obj (.text:libMU_Display_Initialize)
                  00007ba0    00000018     serie.obj (.text:libMU_Serial_SendString)
                  00007bb8    00000018     heap_3.obj (.text:pvPortMalloc)
                  00007bd0    00000018     resolv.obj (.text:resolv_found)
                  00007be8    00000018     rtsv7M3_T_le_eabi.lib : _lock.obj (.text)
                  00007c00    00000018                           : ll_mul_t2.obj (.text)
                  00007c18    00000018                           : strcmp.obj (.text)
                  00007c30    00000018                           : strrchr.obj (.text)
                  00007c48    00000018     special_server.obj (.text:specserver_app_init)
                  00007c60    00000018     port.obj (.text:vPortEnterCritical)
                  00007c78    00000018     port.obj (.text:vPortExitCritical)
                  00007c90    00000018     tasks.obj (.text:vTaskSetTimeOutState)
                  00007ca8    00000018     tasks.obj (.text:xTaskGetTickCount)
                  00007cc0    00000016     internet.obj (.text:libMU_Internet_Delay)
                  00007cd6    00000016     temperatura.obj (.text:libMU_Temperature_Convert)
                  00007cec    00000016     rtsv7M3_T_le_eabi.lib : strchr.obj (.text)
                  00007d02    00000016     list.obj (.text:vListInitialise)
                  00007d18    00000016     heap_3.obj (.text:vPortFree)
                  00007d2e    00000002     --HOLE-- [fill = 0]
                  00007d30    00000016     port.obj (.text:vPortStartFirstTask)
                  00007d46    00000002     --HOLE-- [fill = 0]
                  00007d48    00000014     ethernet.obj (.text:EthernetInitExpClk)
                  00007d5c    00000014     uart.obj (.text:UARTEnable)
                  00007d70    00000014     internet.obj (.text:libMU_Internet_GetDeviceIP)
                  00007d84    00000014     serie.obj (.text:libMU_Serial_SendChar)
                  00007d98    00000014     tasks.obj (.text:prvIdleTask)
                  00007dac    00000014     port.obj (.text:prvSetupTimerInterrupt)
                  00007dc0    00000014     rtsv7M3_T_le_eabi.lib : strlen.obj (.text)
                  00007dd4    00000012     gpio.obj (.text:GPIOPinTypeADC)
                  00007de6    00000012     gpio.obj (.text:GPIOPinTypeEthernetLED)
                  00007df8    00000012     gpio.obj (.text:GPIOPinTypeGPIOOutput)
                  00007e0a    00000012     gpio.obj (.text:GPIOPinTypeSSI)
                  00007e1c    00000012     gpio.obj (.text:GPIOPinTypeUART)
                  00007e2e    00000012     timer.obj (.text:TimerLoadSet)
                  00007e40    00000012     dhcpc.obj (.text:add_msg_type)
                  00007e52    00000012     rtsv7M3_T_le_eabi.lib : copy_zero_init.obj (.text:decompress:ZI)
                  00007e64    00000012     resolv.obj (.text:parse_name)
                  00007e76    00000012     rtsv7M3_T_le_eabi.lib : strcpy.obj (.text)
                  00007e88    00000010     ethernet.obj (.text:EthernetPacketGetNonBlocking)
                  00007e98    00000010     internet.obj (.text:libMU_Internet_IsPageReadingFinished)
                  00007ea8    00000010     port.obj (.text:vPortYieldFromISR)
                  00007eb8    00000010     tasks.obj (.text:vTaskSuspendAll)
                  00007ec8    0000000e     adc.obj (.text:ADCSequenceEnable)
                  00007ed6    0000000e     timer.obj (.text:TimerEnable)
                  00007ee4    0000000e     webclient.obj (.text:copy_string)
                  00007ef2    0000000e     rtsv7M3_T_le_eabi.lib : copy_decompress_none.obj (.text:decompress:none)
                  00007f00    0000000e     temperatura.obj (.text:libMU_Temperature_Get)
                  00007f0e    0000000e     rtsv7M3_T_le_eabi.lib : xdclass.obj (.text)
                  00007f1c    0000000e     uip_timer.obj (.text:timer_set)
                  00007f2a    0000000c     ethernet.obj (.text:EthernetIntStatus)
                  00007f36    00000002     --HOLE-- [fill = 0]
                  00007f38    0000000c     rit128x96x4.obj (.text:RIT128x96x4DisplayOff)
                  00007f44    0000000c     timer.obj (.text:TimerValueGet)
                  00007f50    0000000c     internet.obj (.text:libMU_Internet_GetNumberOfFramesReceived)
                  00007f5c    0000000c     internet.obj (.text:libMU_Internet_GetNumberOfFramesSent)
                  00007f68    0000000c     internet.obj (.text:libMU_Internet_GetStatus)
                  00007f74    0000000c     internet.obj (.text:libMU_Internet_Server_SetCommandProcessingInfo)
                  00007f80    0000000c     tasks.obj (.text:vTaskMissedYield)
                  00007f8c    0000000c     internet.obj (.text:webclient_aborted)
                  00007f98    0000000c     internet.obj (.text:webclient_closed)
                  00007fa4    0000000a     adc.obj (.text:ADCIntClear)
                  00007fae    0000000a     adc.obj (.text:ADCSequenceOverflowClear)
                  00007fb8    0000000a     ethernet.obj (.text:EthernetIntDisable)
                  00007fc2    0000000a     ethernet.obj (.text:EthernetPacketPut)
                  00007fcc    0000000a     ssi.obj (.text:SSIDataPut)
                  00007fd6    0000000a     ssi.obj (.text:SSIDisable)
                  00007fe0    0000000a     ssi.obj (.text:SSIEnable)
                  00007fea    0000000a     uart.obj (.text:UARTCharPut)
                  00007ff4    0000000a     uip.obj (.text:htons)
                  00007ffe    0000000a     psock.obj (.text:psock_datalen)
                  00008008    00000008     ethernet.obj (.text:EthernetIntEnable)
                  00008010    00000008     ssi.obj (.text:SSIBusy)
                  00008018    00000008     dhcpc.obj (.text:add_end)
                  00008020    00000008     httpd.obj (.text:httpd_init)
                  00008028    00000008     internet.obj (.text:libMU_Internet_DNS_resolution)
                  00008030    00000008     siemensTCP_app.obj (.text:siemensTCP_app_init)
                  00008038    00000006     gpio.obj (.text:GPIOPinRead)
                  0000803e    00000006     gpio.obj (.text:GPIOPinWrite)
                  00008044    00000006     startup_MU.obj (.text:ResetISR)
                  0000804a    00000006     sysctl.obj (.text:SysCtlDelay)
                  00008050    00000006     psock.obj (.text:buf_setup)
                  00008056    00000006     rtsv7M3_T_le_eabi.lib : copy_decompress_rle.obj (.text:decompress:rle24)
                  0000805c    00000006     uip.obj (.text:uip_tcpchksum)
                  00008062    00000006     list.obj (.text:vListInitialiseItem)
                  00008068    00000004     ethernet.obj (.text:EthernetIntClear)
                  0000806c    00000004     timer.obj (.text:TimerIntClear)
                  00008070    00000004     dhcpc.obj (.text:dhcpc_appcall)
                  00008074    00000004     demo_selector.obj (.text:main)

.const     0    00008078    000007c0     
                  00008078    000001e0     rit128x96x4.obj (.const:g_pucFont)
                  00008258    00000186     http-strings.obj (.const)
                  000083de    00000002     --HOLE-- [fill = 0]
                  000083e0    00000101     rtsv7M3_T_le_eabi.lib : ctype.obj (.const:_ctypes_)
                  000084e1    00000003     --HOLE-- [fill = 0]
                  000084e4    00000070     interrupt.obj (.const)
                  00008554    0000006c     sysctl.obj (.const:g_pulXtals)
                  000085c0    0000005b     http-strings.obj (.const:http_header_404)
                  0000861b    00000001     --HOLE-- [fill = 0]
                  0000861c    00000054     http-strings.obj (.const:http_header_200)
                  00008670    0000004f     rit128x96x4.obj (.const:g_pucRIT128x96x4Init)
                  000086bf    00000001     --HOLE-- [fill = 0]
                  000086c0    0000004e     http-strings.obj (.const:http_user_agent_fields)
                  0000870e    00000002     --HOLE-- [fill = 0]
                  00008710    00000040     demo_8_Internet.obj (.const:.string)
                  00008750    00000040     sysctl.obj (.const)
                  00008790    0000003c     internet.obj (.const)
                  000087cc    0000002b     http-strings.obj (.const:http_content_type_binary)
                  000087f7    00000001     --HOLE-- [fill = 0]
                  000087f8    00000018     telnet_client.obj (.const)
                  00008810    0000000c     rit128x96x4.obj (.const)
                  0000881c    0000000a     uip_arp.obj (.const)
                  00008826    00000002     --HOLE-- [fill = 0]
                  00008828    00000008     dhcpc.obj (.const)
                  00008830    00000008     uip.obj (.const)

.cinit     0    00008838    00000c90     
                  00008838    00000c6b     (.cinit..data.load) [load image, compression = rle]
                  000094a3    00000001     --HOLE-- [fill = 0]
                  000094a4    0000000c     (__TI_handler_table)
                  000094b0    00000008     (.cinit..bss.load) [load image, compression = zero_init]
                  000094b8    00000010     (__TI_cinit_table)

.sysmem    0    20000000    00008000     UNINITIALIZED
                  20000000    00000008     rtsv7M3_T_le_eabi.lib : memory.obj (.sysmem)
                  20000008    00007ff8     --HOLE--

.bss       0    20008000    000013a0     UNINITIALIZED
                  20008000    000005e0     uip.obj (.bss:uip_buf)
                  200085e0    00000588     uip.obj (.bss:uip_conns)
                  20008b68    00000190     httpd.obj (.bss:httpd_script_param)
                  20008cf8    00000180     webclient.obj (.bss:s)
                  20008e78    00000100     uip.obj (.bss:uip_udp_conns)
                  20008f78    000000a8     resolv.obj (.bss:names)
                  20009020    000000a8     telnet_client.obj (.bss:s)
                  200090c8    00000078     internet.obj (.bss:libMU_Internet_Server_Responses)
                  20009140    00000060     uip_arp.obj (.bss:arp_table)
                  200091a0    00000050     tasks.obj (.bss:pxReadyTasksLists)
                  200091f0    00000044     tasks.obj (.bss)
                  20009234    0000003c     uip.obj (.bss)
                  20009270    00000034     dhcpc.obj (.bss:s)
                  200092a4    00000034     uip.obj (.bss:uip_stat)
                  200092d8    00000020     analogico_digital.obj (.bss)
                  200092f8    0000001c     demo_9_Internet_PLC.obj (.bss)
                  20009314    00000018     special_server.obj (.bss)
                  2000932c    00000010     telnet_client.obj (.bss)
                  2000933c    0000000c     PLC_Mem_Interface.obj (.bss)
                  20009348    0000000c     Task_Ethernet_UIP.obj (.bss)
                  20009354    0000000c     demo_8_Internet.obj (.bss)
                  20009360    0000000c     rit128x96x4.obj (.bss)
                  2000936c    0000000c     siemensTCP_app.obj (.bss)
                  20009378    00000008     resolv.obj (.bss)
                  20009380    00000008     ssdp.obj (.bss)
                  20009388    00000008     uip_arp.obj (.bss)
                  20009390    00000006     protocol_switcher_app.obj (.bss)
                  20009396    00000002     --HOLE--
                  20009398    00000004     botones.obj (.bss)
                  2000939c    00000004     webclient.obj (.bss)

.stack     0    200093a0    00001000     UNINITIALIZED
                  200093a0    00001000     --HOLE--

.data      0    2000a3a0    00000de5     
                  2000a3a0    000004c2     demo_8_Internet.obj (.data:services_descriptor)
                  2000a862    00000002     --HOLE--
                  2000a864    000004b3     demo_8_Internet.obj (.data:device_descriptor)
                  2000ad17    00000001     --HOLE--
                  2000ad18    00000223     demo_8_Internet.obj (.data:respuesta_form)
                  2000af3b    00000001     --HOLE--
                  2000af3c    00000004     cronometro.obj (.data)
                  2000af40    00000070     rtsv7M3_T_le_eabi.lib : xlvalues.obj (.data)
                  2000afb0    00000064     demo_8_Internet.obj (.data:respuesta_datos)
                  2000b014    00000064     demo_8_Internet.obj (.data:respuesta_temp)
                  2000b078    00000040     udp_frame.obj (.data:udp_frame_pi)
                  2000b0b8    00000034     tasks.obj (.data)
                  2000b0ec    0000001c     demo_8_Internet.obj (.data)
                  2000b108    00000016     siemensTCP_app.obj (.data)
                  2000b11e    00000002     --HOLE--
                  2000b120    0000000d     Task_Ethernet_UIP.obj (.data)
                  2000b12d    00000003     --HOLE--
                  2000b130    0000000d     resolv.obj (.data)
                  2000b13d    00000003     --HOLE--
                  2000b140    0000000c     internet.obj (.data)
                  2000b14c    0000000c     rtsv7M3_T_le_eabi.lib : memory.obj (.data)
                  2000b158    00000008                           : _lock.obj (.data)
                  2000b160    00000008                           : exit.obj (.data)
                  2000b168    00000006     uip.obj (.data)
                  2000b16e    00000002     --HOLE--
                  2000b170    00000004     port.obj (.data)
                  2000b174    00000004     rtsv7M3_T_le_eabi.lib : errno.obj (.data)
                  2000b178    00000004                           : stkdepth_vars.obj (.data)
                  2000b17c    00000004     telnet_client.obj (.data)
                  2000b180    00000004     udp_frame.obj (.data)
                  2000b184    00000001     special_server.obj (.data)


LINKER GENERATED COPY TABLES

__TI_cinit_table @ 000094b8 records: 2, size/record: 8, table size: 16
	.data: load addr=00008838, load size=00000c6b bytes, run addr=2000a3a0, run size=00000de5 bytes, compression=rle
	.bss: load addr=000094b0, load size=00000008 bytes, run addr=20008000, run size=000013a0 bytes, compression=zero_init


LINKER GENERATED HANDLER TABLE

__TI_handler_table @ 000094a4 records: 3, size/record: 4, table size: 12
	index: 0, handler: __TI_decompress_rle24
	index: 1, handler: __TI_decompress_none
	index: 2, handler: __TI_zero_init


GLOBAL SYMBOLS: SORTED ALPHABETICALLY BY Name 

address    name
--------   ----
00007fa5   ADCIntClear
00007569   ADCIntStatus
000076d1   ADCSequenceConfigure
0000790b   ADCSequenceDataGet
00007ec9   ADCSequenceEnable
00007faf   ADCSequenceOverflowClear
00005b55   ADCSequenceStepConfigure
00003037   BusFaultISR
00006eb5   C$$EXIT
20009384   Contador_Envio_SSDP
000076fb   EthernetConfigSet
00007881   EthernetEnable
00007d49   EthernetInitExpClk
00008069   EthernetIntClear
00007fb9   EthernetIntDisable
00008009   EthernetIntEnable
00006f3d   EthernetIntHandler
00007f2b   EthernetIntStatus
000071e5   EthernetMACAddrSet
000079ed   EthernetPHYRead
00007e89   EthernetPacketGetNonBlocking
00007fc3   EthernetPacketPut
000036f7   FaultISR
0000721d   FlashUserGet
00007597   GPIODirModeSet
0000466b   GPIOPadConfigSet
00008039   GPIOPinRead
00007dd5   GPIOPinTypeADC
00007de7   GPIOPinTypeEthernetLED
00007df9   GPIOPinTypeGPIOOutput
00007e0b   GPIOPinTypeSSI
00007e1d   GPIOPinTypeUART
0000803f   GPIOPinWrite
00005fcd   Initialize_EthernetHW
00004255   Initialize_UIP
00004733   IntDefaultHandler
00005e3d   IntEnable
000036f9   Loop_UIP
00005523   MemFaultISR
00005833   NmiSR
20009300   PLC_Reads
0000707d   PLC_ReceiveMemoryData
00006d61   PLC_SendMemoryData
200092fc   PLC_Writes
00006bb1   RIT128x96x4Clear
00007f39   RIT128x96x4DisplayOff
0000602d   RIT128x96x4Enable
00004f4d   RIT128x96x4Init
0000432d   RIT128x96x4StringDraw
00008045   ResetISR
00008011   SSIBusy
00006da5   SSIConfigSetExpClk
00007fcd   SSIDataPut
00007fd7   SSIDisable
00007fe1   SSIEnable
2000b120   Sem_EthPacketReceived
2000b130   Sem_Resolv
200092f8   Switches
0000792d   SysCtlADCSpeedSet
00002ae9   SysCtlClockGet
00003339   SysCtlClockSet
0000804b   SysCtlDelay
000065a9   SysCtlPeripheralEnable
00005525   SysCtlPeripheralReset
00005925   Task_Ethernet
00007815   TimerConfigure
00007b59   TimerControlTrigger
00007ed7   TimerEnable
0000806d   TimerIntClear
00007e2f   TimerLoadSet
00007f45   TimerValueGet
00007feb   UARTCharPut
00006ef9   UARTConfigSetExpClk
00007a49   UARTDisable
00007d5d   UARTEnable
00005d03   UsageFaultISR
00007f0f   _Dclass
00006d19   _Dtest
2000b174   _Errno
2000af40   _LDenorm
2000af50   _LEps
2000af60   _LInf
2000af70   _LNan
2000af90   _LRteps
2000af80   _LSnan
2000afa0   _LXbig
2000afa8   _LZero
2000a3a0   __STACK_END
00001000   __STACK_SIZE
200094a0   __STACK_TOP
00008000   __SYSMEM_SIZE
000094b8   __TI_CINIT_Base
000094c8   __TI_CINIT_Limit
000094a4   __TI_Handler_Table_Base
000094b0   __TI_Handler_Table_Limit
00000001   __TI_args_main
00005259   __TI_auto_init
00007ef3   __TI_decompress_none
00008057   __TI_decompress_rle24
00000000   __TI_static_base__
00007e53   __TI_zero_init
000057b5   __aeabi_cdcmpeq
000057b5   __aeabi_cdcmple
00006c89   __aeabi_d2iz
00002e8b   __aeabi_dadd
000035c1   __aeabi_ddiv
00003b29   __aeabi_dmul
00002e81   __aeabi_dsub
000075f3   __aeabi_i2d
00007c01   __aeabi_lmul
000058ad   __aeabi_memclr
000058ad   __aeabi_memclr4
000058ad   __aeabi_memclr8
0000508d   __aeabi_memcpy
0000508d   __aeabi_memcpy4
0000508d   __aeabi_memcpy8
000058af   __aeabi_memset
000058af   __aeabi_memset4
000058af   __aeabi_memset8
000028f5   __aeabi_uldivmod
ffffffff   __binit__
ffffffff   __c_args__
200093a0   __stack
00005e3b   __tdeh_init
000079ad   _args_main
0000740d   _c_int00
2000b160   _cleanup_ptr
000083e0   _ctypes_
2000b164   _dtors_ptr
2000b158   _lock
00007bf5   _nop
00000def   _printfi
00007bef   _register_lock
00007be9   _register_unlock
20000000   _sys_memory
2000b15c   _unlock
00006eb9   abort
00006b19   atoi
2000b12c   bInitUIP
ffffffff   binit
00002177   calloc
00007ca9   clock_time
00006c41   copy_in
2000a864   device_descriptor
00008071   dhcpc_appcall
00006fbd   dhcpc_configured
0000728d   dhcpc_init
000077a1   dhcpc_request
00006ec1   exit
00001ec3   free
00000000   g_pfnVectors
00007ff5   htons
0000827a   http_10
00008283   http_11
00008260   http_200
00008265   http_301
0000826a   http_302
000082d6   http_404_html
0000828c   http_content_length
0000829c   http_content_type
000087cc   http_content_type_binary
00008322   http_content_type_css
00008375   http_content_type_gif
00008306   http_content_type_html
00008391   http_content_type_jpg
000082e9   http_content_type_plain
00008359   http_content_type_png
0000833d   http_content_type_text
000082c7   http_crnl
000083c0   http_css
0000826f   http_get
000083ca   http_gif
0000861c   http_header_200
000085c0   http_header_404
000082c0   http_host
000083bb   http_htm
000083ae   http_html
00008258   http_http
000082ca   http_index_html
000083cf   http_jpg
000082b5   http_location
000083c5   http_png
00008274   http_post
000082e0   http_referer
000083b4   http_shtml
000083d4   http_text
000082ab   http_texthtml
000083d9   http_txt
000086c0   http_user_agent_fields
00005735   httpd_appcall
00005995   httpd_fs_open
000072c5   httpd_fs_strcmp
00008021   httpd_init
20008b68   httpd_script_param
2000b128   lARPTimer
2000b124   lPeriodicTimer
00006381   libMU_AD_GetChannelValue
0000540d   libMU_AD_Initialize
20009398   libMU_ButtonState
000063dd   libMU_Button_Initialize
00007b89   libMU_Display_Initialize
00008029   libMU_Internet_DNS_resolution
00007cc1   libMU_Internet_Delay
00007d71   libMU_Internet_GetDeviceIP
00005dd5   libMU_Internet_GetFormIntegerValue
00004d45   libMU_Internet_GetFormStringValue
00007f51   libMU_Internet_GetNumberOfFramesReceived
00007f5d   libMU_Internet_GetNumberOfFramesSent
00004ea5   libMU_Internet_GetPage
00007f69   libMU_Internet_GetStatus
00004989   libMU_Internet_GetWiFiRouterIP
00006439   libMU_Internet_Initialize
00007e99   libMU_Internet_IsPageReadingFinished
2000b144   libMU_Internet_PageReaderFunction
200090c8   libMU_Internet_Server_Responses
00007f75   libMU_Internet_Server_SetCommandProcessingInfo
00004a4d   libMU_Internet_Server_SetPage
2000b148   libMU_Internet_Server_TagNumber
000073a5   libMU_LED_Initialize
0000794d   libMU_LED_Toggle
00006809   libMU_Serial_Initialize
00007d85   libMU_Serial_SendChar
000075c5   libMU_Serial_SendChars
00007ba1   libMU_Serial_SendString
2000af3c   libMU_Stopwatch_Count_HighOrder
00006de9   libMU_Stopwatch_Initialize
0000796d   libMU_Stopwatch_Start
00007cd7   libMU_Temperature_Convert
00007f01   libMU_Temperature_Get
00006659   ltoa
00008075   main
00006bf9   main_demo_8
2000b178   main_func_sp
00001e61   malloc
000020a1   memalign
00007b25   memccpy
000078a3   memcmp
0000508d   memcpy
000058b5   memset
00001dd5   minit
2000b140   network_state
00002571   process_siemensTCP_frame
00006859   protocol_switcher_app_init
00007fff   psock_datalen
00005a05   psock_generator_send
0000798d   psock_init
00007621   psock_newdata
00005631   psock_readto
00006761   psock_send
00007bb9   pvPortMalloc
2000b0b8   pxCurrentTCB
00007b0b   pxPortInitialiseStack
00001f8d   realloc
000074a9   resolv_appcall
00007a9d   resolv_conf
00007bd1   resolv_found
00005a75   resolv_hostname
000073d9   resolv_init
00006e71   resolv_lookup
0000608d   resolv_query
20009020   s
2000a3a0   services_descriptor
000087f8   setup1_cmd
000087fb   setup2_cmd
00008031   siemensTCP_app_init
000066b1   siemensTCP_appcall
2000b109   siemensTCP_msg
2000b108   siemensTCP_state
2000936c   siemens_stats
00005129   snprintf
00007c49   specserver_app_init
00004b0d   specserver_appcall
20009314   specserver_resp_data
20009318   specserver_resp_data_len
2000931c   specserver_stats
000060ed   sprintf
0000347d   ssdp_advertise
00005ea1   ssdp_udpapp
00005f05   ssdp_udpinit
00007ced   strchr
00007c19   strcmp
00007e77   strcpy
00007dc1   strlen
000077ef   strncmp
000074d9   strncpy
00007c31   strrchr
00007475   strstr
00003919   strtoul
00007131   tcp_protocol_switcher_appcall
000051c1   telnet_client_appcall
00005bc1   telnet_client_cmd
00005ae5   telnet_client_cmd_int
00006ffd   telnet_client_init
00005d05   telnet_client_open
2000932c   telnet_stats
00007b3f   timer_expired
00007f1d   timer_set
2000933c   tr
20009304   tr_byte
00005d6d   udp_frame_appcall
0000716d   udp_protocol_switcher_appcall
20009268   uip_acc32
00006709   uip_add32
20009240   uip_appdata
00004bcd   uip_arp_arpin
000031e9   uip_arp_out
000068a9   uip_arp_timer
20008000   uip_buf
20009250   uip_conn
00004179   uip_connect
200085e0   uip_conns
20009238   uip_draddr
2000b168   uip_ethaddr
2000924c   uip_flags
20009234   uip_hostaddr
000064f1   uip_init
000079cd   uip_ipchksum
20009248   uip_len
00007679   uip_listen
20009254   uip_listenports
2000923c   uip_netmask
00000f7d   uip_process
20009244   uip_sappdata
00007839   uip_send
2000924a   uip_slen
200092a4   uip_stat
0000805d   uip_tcpchksum
2000925c   uip_udp_conn
20008e78   uip_udp_conns
0000537d   uip_udp_new
00006b65   uiplib_ipaddrconv
20009380   upd_conex
00007d03   vListInitialise
00008063   vListInitialiseItem
0000736d   vListInsert
00007ab9   vListInsertEnd
000078c5   vListRemove
00007c61   vPortEnterCritical
00007c79   vPortExitCritical
00007d19   vPortFree
000078e9   vPortSVCHandler
00007d31   vPortStartFirstTask
00007ea9   vPortYieldFromISR
0000654d   vTaskDelayUntil
00003d15   vTaskIncrementTick
00007f81   vTaskMissedYield
000076a5   vTaskPlaceOnEventList
00007c91   vTaskSetTimeOutState
000068f9   vTaskStartScheduler
00007eb9   vTaskSuspendAll
00005f69   vTaskSwitchContext
00007f8d   webclient_aborted
000047fd   webclient_appcall
00007f99   webclient_closed
00006baf   webclient_connected
00007ad5   webclient_datahandler
000061ad   webclient_get
00006d5f   webclient_init
00006f3b   webclient_timedout
0000703d   xPortPendSVHandler
00007539   xPortStartScheduler
0000785d   xPortSysTickHandler
00005c99   xQueueGenericCreate
00003fbd   xQueueGenericReceive
000045a1   xQueueGenericSend
000069e7   xQueueGenericSendFromISR
00006949   xTaskCheckForTimeOut
00003df9   xTaskGenericCreate
00007ca9   xTaskGetTickCount
00005c2d   xTaskRemoveFromEventList
000044d1   xTaskResumeAll


GLOBAL SYMBOLS: SORTED BY Symbol Address 

address    name
--------   ----
00000000   __TI_static_base__
00000000   g_pfnVectors
00000001   __TI_args_main
00000def   _printfi
00000f7d   uip_process
00001000   __STACK_SIZE
00001dd5   minit
00001e61   malloc
00001ec3   free
00001f8d   realloc
000020a1   memalign
00002177   calloc
00002571   process_siemensTCP_frame
000028f5   __aeabi_uldivmod
00002ae9   SysCtlClockGet
00002e81   __aeabi_dsub
00002e8b   __aeabi_dadd
00003037   BusFaultISR
000031e9   uip_arp_out
00003339   SysCtlClockSet
0000347d   ssdp_advertise
000035c1   __aeabi_ddiv
000036f7   FaultISR
000036f9   Loop_UIP
00003919   strtoul
00003b29   __aeabi_dmul
00003d15   vTaskIncrementTick
00003df9   xTaskGenericCreate
00003fbd   xQueueGenericReceive
00004179   uip_connect
00004255   Initialize_UIP
0000432d   RIT128x96x4StringDraw
000044d1   xTaskResumeAll
000045a1   xQueueGenericSend
0000466b   GPIOPadConfigSet
00004733   IntDefaultHandler
000047fd   webclient_appcall
00004989   libMU_Internet_GetWiFiRouterIP
00004a4d   libMU_Internet_Server_SetPage
00004b0d   specserver_appcall
00004bcd   uip_arp_arpin
00004d45   libMU_Internet_GetFormStringValue
00004ea5   libMU_Internet_GetPage
00004f4d   RIT128x96x4Init
0000508d   __aeabi_memcpy
0000508d   __aeabi_memcpy4
0000508d   __aeabi_memcpy8
0000508d   memcpy
00005129   snprintf
000051c1   telnet_client_appcall
00005259   __TI_auto_init
0000537d   uip_udp_new
0000540d   libMU_AD_Initialize
00005523   MemFaultISR
00005525   SysCtlPeripheralReset
00005631   psock_readto
00005735   httpd_appcall
000057b5   __aeabi_cdcmpeq
000057b5   __aeabi_cdcmple
00005833   NmiSR
000058ad   __aeabi_memclr
000058ad   __aeabi_memclr4
000058ad   __aeabi_memclr8
000058af   __aeabi_memset
000058af   __aeabi_memset4
000058af   __aeabi_memset8
000058b5   memset
00005925   Task_Ethernet
00005995   httpd_fs_open
00005a05   psock_generator_send
00005a75   resolv_hostname
00005ae5   telnet_client_cmd_int
00005b55   ADCSequenceStepConfigure
00005bc1   telnet_client_cmd
00005c2d   xTaskRemoveFromEventList
00005c99   xQueueGenericCreate
00005d03   UsageFaultISR
00005d05   telnet_client_open
00005d6d   udp_frame_appcall
00005dd5   libMU_Internet_GetFormIntegerValue
00005e3b   __tdeh_init
00005e3d   IntEnable
00005ea1   ssdp_udpapp
00005f05   ssdp_udpinit
00005f69   vTaskSwitchContext
00005fcd   Initialize_EthernetHW
0000602d   RIT128x96x4Enable
0000608d   resolv_query
000060ed   sprintf
000061ad   webclient_get
00006381   libMU_AD_GetChannelValue
000063dd   libMU_Button_Initialize
00006439   libMU_Internet_Initialize
000064f1   uip_init
0000654d   vTaskDelayUntil
000065a9   SysCtlPeripheralEnable
00006659   ltoa
000066b1   siemensTCP_appcall
00006709   uip_add32
00006761   psock_send
00006809   libMU_Serial_Initialize
00006859   protocol_switcher_app_init
000068a9   uip_arp_timer
000068f9   vTaskStartScheduler
00006949   xTaskCheckForTimeOut
000069e7   xQueueGenericSendFromISR
00006b19   atoi
00006b65   uiplib_ipaddrconv
00006baf   webclient_connected
00006bb1   RIT128x96x4Clear
00006bf9   main_demo_8
00006c41   copy_in
00006c89   __aeabi_d2iz
00006d19   _Dtest
00006d5f   webclient_init
00006d61   PLC_SendMemoryData
00006da5   SSIConfigSetExpClk
00006de9   libMU_Stopwatch_Initialize
00006e71   resolv_lookup
00006eb5   C$$EXIT
00006eb9   abort
00006ec1   exit
00006ef9   UARTConfigSetExpClk
00006f3b   webclient_timedout
00006f3d   EthernetIntHandler
00006fbd   dhcpc_configured
00006ffd   telnet_client_init
0000703d   xPortPendSVHandler
0000707d   PLC_ReceiveMemoryData
00007131   tcp_protocol_switcher_appcall
0000716d   udp_protocol_switcher_appcall
000071e5   EthernetMACAddrSet
0000721d   FlashUserGet
0000728d   dhcpc_init
000072c5   httpd_fs_strcmp
0000736d   vListInsert
000073a5   libMU_LED_Initialize
000073d9   resolv_init
0000740d   _c_int00
00007475   strstr
000074a9   resolv_appcall
000074d9   strncpy
00007539   xPortStartScheduler
00007569   ADCIntStatus
00007597   GPIODirModeSet
000075c5   libMU_Serial_SendChars
000075f3   __aeabi_i2d
00007621   psock_newdata
00007679   uip_listen
000076a5   vTaskPlaceOnEventList
000076d1   ADCSequenceConfigure
000076fb   EthernetConfigSet
000077a1   dhcpc_request
000077ef   strncmp
00007815   TimerConfigure
00007839   uip_send
0000785d   xPortSysTickHandler
00007881   EthernetEnable
000078a3   memcmp
000078c5   vListRemove
000078e9   vPortSVCHandler
0000790b   ADCSequenceDataGet
0000792d   SysCtlADCSpeedSet
0000794d   libMU_LED_Toggle
0000796d   libMU_Stopwatch_Start
0000798d   psock_init
000079ad   _args_main
000079cd   uip_ipchksum
000079ed   EthernetPHYRead
00007a49   UARTDisable
00007a9d   resolv_conf
00007ab9   vListInsertEnd
00007ad5   webclient_datahandler
00007b0b   pxPortInitialiseStack
00007b25   memccpy
00007b3f   timer_expired
00007b59   TimerControlTrigger
00007b89   libMU_Display_Initialize
00007ba1   libMU_Serial_SendString
00007bb9   pvPortMalloc
00007bd1   resolv_found
00007be9   _register_unlock
00007bef   _register_lock
00007bf5   _nop
00007c01   __aeabi_lmul
00007c19   strcmp
00007c31   strrchr
00007c49   specserver_app_init
00007c61   vPortEnterCritical
00007c79   vPortExitCritical
00007c91   vTaskSetTimeOutState
00007ca9   clock_time
00007ca9   xTaskGetTickCount
00007cc1   libMU_Internet_Delay
00007cd7   libMU_Temperature_Convert
00007ced   strchr
00007d03   vListInitialise
00007d19   vPortFree
00007d31   vPortStartFirstTask
00007d49   EthernetInitExpClk
00007d5d   UARTEnable
00007d71   libMU_Internet_GetDeviceIP
00007d85   libMU_Serial_SendChar
00007dc1   strlen
00007dd5   GPIOPinTypeADC
00007de7   GPIOPinTypeEthernetLED
00007df9   GPIOPinTypeGPIOOutput
00007e0b   GPIOPinTypeSSI
00007e1d   GPIOPinTypeUART
00007e2f   TimerLoadSet
00007e53   __TI_zero_init
00007e77   strcpy
00007e89   EthernetPacketGetNonBlocking
00007e99   libMU_Internet_IsPageReadingFinished
00007ea9   vPortYieldFromISR
00007eb9   vTaskSuspendAll
00007ec9   ADCSequenceEnable
00007ed7   TimerEnable
00007ef3   __TI_decompress_none
00007f01   libMU_Temperature_Get
00007f0f   _Dclass
00007f1d   timer_set
00007f2b   EthernetIntStatus
00007f39   RIT128x96x4DisplayOff
00007f45   TimerValueGet
00007f51   libMU_Internet_GetNumberOfFramesReceived
00007f5d   libMU_Internet_GetNumberOfFramesSent
00007f69   libMU_Internet_GetStatus
00007f75   libMU_Internet_Server_SetCommandProcessingInfo
00007f81   vTaskMissedYield
00007f8d   webclient_aborted
00007f99   webclient_closed
00007fa5   ADCIntClear
00007faf   ADCSequenceOverflowClear
00007fb9   EthernetIntDisable
00007fc3   EthernetPacketPut
00007fcd   SSIDataPut
00007fd7   SSIDisable
00007fe1   SSIEnable
00007feb   UARTCharPut
00007ff5   htons
00007fff   psock_datalen
00008000   __SYSMEM_SIZE
00008009   EthernetIntEnable
00008011   SSIBusy
00008021   httpd_init
00008029   libMU_Internet_DNS_resolution
00008031   siemensTCP_app_init
00008039   GPIOPinRead
0000803f   GPIOPinWrite
00008045   ResetISR
0000804b   SysCtlDelay
00008057   __TI_decompress_rle24
0000805d   uip_tcpchksum
00008063   vListInitialiseItem
00008069   EthernetIntClear
0000806d   TimerIntClear
00008071   dhcpc_appcall
00008075   main
00008258   http_http
00008260   http_200
00008265   http_301
0000826a   http_302
0000826f   http_get
00008274   http_post
0000827a   http_10
00008283   http_11
0000828c   http_content_length
0000829c   http_content_type
000082ab   http_texthtml
000082b5   http_location
000082c0   http_host
000082c7   http_crnl
000082ca   http_index_html
000082d6   http_404_html
000082e0   http_referer
000082e9   http_content_type_plain
00008306   http_content_type_html
00008322   http_content_type_css
0000833d   http_content_type_text
00008359   http_content_type_png
00008375   http_content_type_gif
00008391   http_content_type_jpg
000083ae   http_html
000083b4   http_shtml
000083bb   http_htm
000083c0   http_css
000083c5   http_png
000083ca   http_gif
000083cf   http_jpg
000083d4   http_text
000083d9   http_txt
000083e0   _ctypes_
000085c0   http_header_404
0000861c   http_header_200
000086c0   http_user_agent_fields
000087cc   http_content_type_binary
000087f8   setup1_cmd
000087fb   setup2_cmd
000094a4   __TI_Handler_Table_Base
000094b0   __TI_Handler_Table_Limit
000094b8   __TI_CINIT_Base
000094c8   __TI_CINIT_Limit
20000000   _sys_memory
20008000   uip_buf
200085e0   uip_conns
20008b68   httpd_script_param
20008e78   uip_udp_conns
20009020   s
200090c8   libMU_Internet_Server_Responses
20009234   uip_hostaddr
20009238   uip_draddr
2000923c   uip_netmask
20009240   uip_appdata
20009244   uip_sappdata
20009248   uip_len
2000924a   uip_slen
2000924c   uip_flags
20009250   uip_conn
20009254   uip_listenports
2000925c   uip_udp_conn
20009268   uip_acc32
200092a4   uip_stat
200092f8   Switches
200092fc   PLC_Writes
20009300   PLC_Reads
20009304   tr_byte
20009314   specserver_resp_data
20009318   specserver_resp_data_len
2000931c   specserver_stats
2000932c   telnet_stats
2000933c   tr
2000936c   siemens_stats
20009380   upd_conex
20009384   Contador_Envio_SSDP
20009398   libMU_ButtonState
200093a0   __stack
200094a0   __STACK_TOP
2000a3a0   __STACK_END
2000a3a0   services_descriptor
2000a864   device_descriptor
2000af3c   libMU_Stopwatch_Count_HighOrder
2000af40   _LDenorm
2000af50   _LEps
2000af60   _LInf
2000af70   _LNan
2000af80   _LSnan
2000af90   _LRteps
2000afa0   _LXbig
2000afa8   _LZero
2000b0b8   pxCurrentTCB
2000b108   siemensTCP_state
2000b109   siemensTCP_msg
2000b120   Sem_EthPacketReceived
2000b124   lPeriodicTimer
2000b128   lARPTimer
2000b12c   bInitUIP
2000b130   Sem_Resolv
2000b140   network_state
2000b144   libMU_Internet_PageReaderFunction
2000b148   libMU_Internet_Server_TagNumber
2000b158   _lock
2000b15c   _unlock
2000b160   _cleanup_ptr
2000b164   _dtors_ptr
2000b168   uip_ethaddr
2000b174   _Errno
2000b178   main_func_sp
ffffffff   __binit__
ffffffff   __c_args__
ffffffff   binit

[371 symbols]
