******************************************************************************
                  TMS470 Linker PC v4.9.0                      
******************************************************************************
>> Linked Fri Jun 15 00:05:40 2012

OUTPUT FILE NAME:   <UPnP.out>
ENTRY POINT SYMBOL: "_c_int00"  address: 0000682d


MEMORY CONFIGURATION

         name            origin    length      used     unused   attr    fill
----------------------  --------  ---------  --------  --------  ----  --------
  FLASH                 00000000   00040000  000088e4  0003771c  R  X
  SRAM                  20000000   00010000  0000b685  0000497b  RW X


SEGMENT ALLOCATION MAP

run origin  load origin   length   init length attrs members
----------  ----------- ---------- ----------- ----- -------
00000000    00000000    000088e8   000088e8    r-x
  00000000    00000000    000000f0   000000f0    r-- .intvecs
  000000f0    000000f0    00007360   00007360    r-x .text
  00007450    00007450    000013f4   000013f4    r-- .const
  00008848    00008848    000000a0   000000a0    r-- .cinit
20000000    20000000    0000b52c   00000000    rw-
  20000000    20000000    00008000   00000000    rw- .sysmem
  20008000    20008000    0000252c   00000000    rw- .bss
  2000a52c    2000a52c    00001000   00000000    rw- .stack
2000b530    2000b530    00000159   00000159    rw-
  2000b530    2000b530    00000159   00000159    rw- .data


SECTION ALLOCATION MAP

 output                                  attributes/
section   page    origin      length       input sections
--------  ----  ----------  ----------   ----------------
.intvecs   0    00000000    000000f0     
                  00000000    000000f0     startup_MU.obj (.intvecs)

.text      0    000000f0    00007360     
                  000000f0    00000e8c     rtsv7M3_T_le_eabi.lib : _printfi.obj (.text)
                  00000f7c    00000e88     uip.obj (.text:uip_process)
                  00001e04    000003e0     rtsv7M3_T_le_eabi.lib : memory.obj (.text)
                  000021e4    00000250     httpd.obj (.text:handle_input)
                  00002434    0000023c     httpd.obj (.text:send_headers)
                  00002670    000001f4     rtsv7M3_T_le_eabi.lib : ull_div_t2.obj (.text)
                  00002864    000001d8     sysctl.obj (.text:SysCtlClockGet)
                  00002a3c    000001d4     demo_8_Internet.obj (.text:ProgramaPrincipal)
                  00002c10    000001b6     rtsv7M3_T_le_eabi.lib : fd_add_t2.obj (.text)
                  00002dc6    00000002     startup_MU.obj (.text:BusFaultISR)
                  00002dc8    00000150     uip_arp.obj (.text:uip_arp_out)
                  00002f18    00000144     sysctl.obj (.text:SysCtlClockSet)
                  0000305c    00000144     ssdp.obj (.text:ssdp_advertise)
                  000031a0    00000136     rtsv7M3_T_le_eabi.lib : fd_div_t2.obj (.text)
                  000032d6    00000002     startup_MU.obj (.text:FaultISR)
                  000032d8    00000110     Task_Ethernet_UIP.obj (.text:Loop_UIP)
                  000033e8    00000110     webclient.obj (.text:parse_headers)
                  000034f8    00000100     dhcpc.obj (.text:handle_dhcp)
                  000035f8    000000fc     rtsv7M3_T_le_eabi.lib : fd_mul_t2.obj (.text)
                  000036f4    000000f0     resolv.obj (.text:check_entries)
                  000037e4    000000e4     tasks.obj (.text:vTaskIncrementTick)
                  000038c8    000000e4     tasks.obj (.text:xTaskGenericCreate)
                  000039ac    000000e0     uip.obj (.text:uip_connect)
                  00003a8c    000000e0     queue.obj (.text:xQueueGenericReceive)
                  00003b6c    000000dc     webclient.obj (.text:parse_statusline)
                  00003c48    000000d8     Task_Ethernet_UIP.obj (.text:Initialize_UIP)
                  00003d20    000000d4     rit128x96x4.obj (.text:RIT128x96x4StringDraw)
                  00003df4    000000d0     uip_arp.obj (.text:uip_arp_update)
                  00003ec4    000000d0     tasks.obj (.text:xTaskResumeAll)
                  00003f94    000000ca     queue.obj (.text:xQueueGenericSend)
                  0000405e    000000c8     gpio.obj (.text:GPIOPadConfigSet)
                  00004126    00000002     startup_MU.obj (.text:IntDefaultHandler)
                  00004128    000000c8     webclient.obj (.text:senddata)
                  000041f0    000000c8     webclient.obj (.text:webclient_appcall)
                  000042b8    000000c0     internet.obj (.text:libMU_Internet_Server_SetPage)
                  00004378    000000c0     special_server.obj (.text:specserver_appcall)
                  00004438    000000c0     uip_arp.obj (.text:uip_arp_arpin)
                  000044f8    000000b8     resolv.obj (.text:newdata)
                  000045b0    000000b0     httpd.obj (.text:handle_output)
                  00004660    000000ac     telnet_client.obj (.text:newdata)
                  0000470c    000000a0     rit128x96x4.obj (.text:RIT128x96x4Init)
                  000047ac    000000a0     dhcpc.obj (.text:create_msg)
                  0000484c    0000009c     rtsv7M3_T_le_eabi.lib : memcpy_t2.obj (.text)
                  000048e8    00000098                           : snprintf.obj (.text)
                  00004980    00000098     telnet_client.obj (.text:telnet_client_appcall)
                  00004a18    00000094     rtsv7M3_T_le_eabi.lib : auto_init.obj (.text)
                  00004aac    00000090     ethernet.obj (.text:EthernetPacketGetInternal)
                  00004b3c    00000090     demo_8_Internet.obj (.text:Internet_Procesamiento_control)
                  00004bcc    00000090     uip.obj (.text:uip_udp_new)
                  00004c5c    0000008c     analogico_digital.obj (.text:libMU_AD_Initialize)
                  00004ce8    0000008a     ethernet.obj (.text:EthernetPacketPutInternal)
                  00004d72    00000002     startup_MU.obj (.text:MemFaultISR)
                  00004d74    00000088     sysctl.obj (.text:SysCtlPeripheralReset)
                  00004dfc    00000084     psock.obj (.text:psock_readto)
                  00004e80    00000080     httpd.obj (.text:httpd_appcall)
                  00004f00    0000007e     rtsv7M3_T_le_eabi.lib : fd_cmp_t2.obj (.text)
                  00004f7e    00000002     startup_MU.obj (.text:NmiSR)
                  00004f80    00000078     dhcpc.obj (.text:parse_options)
                  00004ff8    00000078     rtsv7M3_T_le_eabi.lib : memset_t2.obj (.text)
                  00005070    00000070     Task_Ethernet_UIP.obj (.text:Task_Ethernet)
                  000050e0    00000070     internet.obj (.text:httpd_fs_open)
                  00005150    00000070     psock.obj (.text:psock_generator_send)
                  000051c0    0000006c     adc.obj (.text:ADCSequenceStepConfigure)
                  0000522c    0000006c     ssdp.obj (.text:ssdp_udpapp)
                  00005298    0000006c     tasks.obj (.text:xTaskRemoveFromEventList)
                  00005304    0000006a     queue.obj (.text:xQueueGenericCreate)
                  0000536e    00000002     startup_MU.obj (.text:UsageFaultISR)
                  00005370    00000068     udp_frame.obj (.text:udp_frame_appcall)
                  000053d8    00000064     interrupt.obj (.text:IntEnable)
                  0000543c    00000064     ssdp.obj (.text:ssdp_udpinit)
                  000054a0    00000064     tasks.obj (.text:vTaskSwitchContext)
                  00005504    00000060     Task_Ethernet_UIP.obj (.text:Initialize_EthernetHW)
                  00005564    00000060     rit128x96x4.obj (.text:RIT128x96x4Enable)
                  000055c4    00000060     resolv.obj (.text:resolv_query)
                  00005624    00000060     rtsv7M3_T_le_eabi.lib : sprintf.obj (.text)
                  00005684    00000060     telnet_client.obj (.text:senddata)
                  000056e4    00000060     webclient.obj (.text:webclient_get)
                  00005744    0000005e     queue.obj (.text:prvUnlockQueue)
                  000057a2    0000005e     rtsv7M3_T_le_eabi.lib : copy_decompress_rle.obj (.text)
                  00005800    0000005c     rit128x96x4.obj (.text:RITWriteCommand)
                  0000585c    0000005c     rit128x96x4.obj (.text:RITWriteData)
                  000058b8    0000005c     analogico_digital.obj (.text:libMU_AD_GetChannelValue)
                  00005914    0000005c     botones.obj (.text:libMU_Button_Initialize)
                  00005970    0000005c     internet.obj (.text:libMU_Internet_Initialize)
                  000059cc    0000005c     dhcpc.obj (.text:parse_msg)
                  00005a28    0000005c     uip.obj (.text:uip_init)
                  00005a84    0000005c     tasks.obj (.text:vTaskDelayUntil)
                  00005ae0    00000058     sysctl.obj (.text:SysCtlPeripheralEnable)
                  00005b38    00000058     psock.obj (.text:buf_bufto)
                  00005b90    00000058     rtsv7M3_T_le_eabi.lib : ltoa.obj (.text)
                  00005be8    00000058     uip.obj (.text:uip_add32)
                  00005c40    00000054     psock.obj (.text:psock_send)
                  00005c94    00000054     httpd.obj (.text:send_file)
                  00005ce8    00000050     serie.obj (.text:libMU_Serial_Initialize)
                  00005d38    00000050     uip_arp.obj (.text:uip_arp_timer)
                  00005d88    00000050     tasks.obj (.text:vTaskStartScheduler)
                  00005dd8    00000050     tasks.obj (.text:xTaskCheckForTimeOut)
                  00005e28    0000004e     queue.obj (.text:prvCopyDataToQueue)
                  00005e76    0000004e     queue.obj (.text:xQueueGenericSendFromISR)
                  00005ec4    0000004c     psock.obj (.text:data_acked)
                  00005f10    0000004c     protocol_switcher_app.obj (.text:protocol_switcher_app_init)
                  00005f5c    0000004c     tasks.obj (.text:prvAddCurrentTaskToDelayedList)
                  00005fa8    0000004c     tasks.obj (.text:prvInitialiseTaskLists)
                  00005ff4    0000004c     rtsv7M3_T_le_eabi.lib : atoi.obj (.text)
                  00006040    0000004a     uiplib.obj (.text:uiplib_ipaddrconv)
                  0000608a    00000002     rtsv7M3_T_le_eabi.lib : tdeh_init.obj (.text)
                  0000608c    00000048     rit128x96x4.obj (.text:RIT128x96x4Clear)
                  000060d4    00000048     demo_8_Internet.obj (.text:main)
                  0000611c    00000048     rtsv7M3_T_le_eabi.lib : cpy_tbl.obj (.text)
                  00006164    00000048                           : fd_toi_t2.obj (.text)
                  000061ac    00000048     psock.obj (.text:send_data)
                  000061f4    00000046     rtsv7M3_T_le_eabi.lib : xdtest.obj (.text)
                  0000623a    00000044     ssi.obj (.text:SSIConfigSetExpClk)
                  0000627e    00000002     internet.obj (.text:webclient_connected)
                  00006280    00000044     cronometro.obj (.text:libMU_Stopwatch_Initialize)
                  000062c4    00000044     webclient.obj (.text:newdata)
                  00006308    00000044     resolv.obj (.text:resolv_lookup)
                  0000634c    00000044     rtsv7M3_T_le_eabi.lib : exit.obj (.text)
                  00006390    00000042     uart.obj (.text:UARTConfigSetExpClk)
                  000063d2    00000002     webclient.obj (.text:webclient_init)
                  000063d4    00000040     Task_Ethernet_UIP.obj (.text:EthernetIntHandler)
                  00006414    00000040     uip.obj (.text:chksum)
                  00006454    00000040     internet.obj (.text:dhcpc_configured)
                  00006494    00000040     telnet_client.obj (.text:telnet_client_init)
                  000064d4    0000003e     port.obj (.text:xPortPendSVHandler)
                  00006512    00000002     internet.obj (.text:webclient_timedout)
                  00006514    0000003c     httpd.obj (.text:generate_part_of_file)
                  00006550    0000003c     webclient.obj (.text:init_connection)
                  0000658c    0000003c     protocol_switcher_app.obj (.text:udp_protocol_switcher_appcall)
                  000065c8    0000003c     uip.obj (.text:upper_layer_chksum)
                  00006604    00000038     ethernet.obj (.text:EthernetMACAddrSet)
                  0000663c    00000038     flash.obj (.text:FlashUserGet)
                  00006674    00000038     webclient.obj (.text:acked)
                  000066ac    00000038     dhcpc.obj (.text:dhcpc_init)
                  000066e4    00000038     internet.obj (.text:httpd_fs_strcmp)
                  0000671c    00000038     tasks.obj (.text:prvAllocateTCBAndStack)
                  00006754    00000038     tasks.obj (.text:prvInitialiseTCBVariables)
                  0000678c    00000038     list.obj (.text:vListInsert)
                  000067c4    00000034     leds.obj (.text:libMU_LED_Initialize)
                  000067f8    00000034     resolv.obj (.text:resolv_init)
                  0000682c    00000034     rtsv7M3_T_le_eabi.lib : boot.obj (.text)
                  00006860    00000034     dhcpc.obj (.text:send_request)
                  00006894    00000032     rtsv7M3_T_le_eabi.lib : strstr.obj (.text)
                  000068c6    00000002     --HOLE-- [fill = 0]
                  000068c8    00000030     resolv.obj (.text:resolv_appcall)
                  000068f8    00000030     rtsv7M3_T_le_eabi.lib : strncpy.obj (.text)
                  00006928    00000030     dhcpc.obj (.text:send_discover)
                  00006958    00000030     protocol_switcher_app.obj (.text:tcp_protocol_switcher_appcall)
                  00006988    00000030     port.obj (.text:xPortStartScheduler)
                  000069b8    0000002e     adc.obj (.text:ADCIntStatus)
                  000069e6    0000002e     gpio.obj (.text:GPIODirModeSet)
                  00006a14    0000002e     serie.obj (.text:libMU_Serial_SendChars)
                  00006a42    0000002e     rtsv7M3_T_le_eabi.lib : i_tofd_t2.obj (.text)
                  00006a70    0000002c     psock.obj (.text:psock_newdata)
                  00006a9c    0000002c     uip.obj (.text:uip_add_rcv_nxt)
                  00006ac8    0000002c     uip.obj (.text:uip_listen)
                  00006af4    0000002c     tasks.obj (.text:vTaskPlaceOnEventList)
                  00006b20    0000002a     adc.obj (.text:ADCSequenceConfigure)
                  00006b4a    0000002a     ethernet.obj (.text:EthernetConfigSet)
                  00006b74    0000002a     webclient.obj (.text:casecmp)
                  00006b9e    00000002     --HOLE-- [fill = 0]
                  00006ba0    00000028     telnet_client.obj (.text:acked)
                  00006bc8    00000028     dhcpc.obj (.text:dhcpc_request)
                  00006bf0    00000026     queue.obj (.text:prvCopyDataFromQueue)
                  00006c16    00000026     rtsv7M3_T_le_eabi.lib : strncmp.obj (.text)
                  00006c3c    00000024     timer.obj (.text:TimerConfigure)
                  00006c60    00000024     uip.obj (.text:uip_send)
                  00006c84    00000024     port.obj (.text:xPortSysTickHandler)
                  00006ca8    00000022     ethernet.obj (.text:EthernetEnable)
                  00006cca    00000022     rtsv7M3_T_le_eabi.lib : memcmp.obj (.text)
                  00006cec    00000022     list.obj (.text:vListRemove)
                  00006d0e    00000002     --HOLE-- [fill = 0]
                  00006d10    00000022     port.obj (.text:vPortSVCHandler)
                  00006d32    00000020     adc.obj (.text:ADCSequenceDataGet)
                  00006d52    00000002     --HOLE-- [fill = 0]
                  00006d54    00000020     sysctl.obj (.text:SysCtlADCSpeedSet)
                  00006d74    00000020     leds.obj (.text:libMU_LED_Toggle)
                  00006d94    00000020     psock.obj (.text:psock_init)
                  00006db4    00000020     rtsv7M3_T_le_eabi.lib : args_main.obj (.text)
                  00006dd4    00000020     uip.obj (.text:uip_ipchksum)
                  00006df4    0000001e     ethernet.obj (.text:EthernetPHYRead)
                  00006e12    0000001e     dhcpc.obj (.text:add_req_options)
                  00006e30    0000001e     queue.obj (.text:prvIsQueueFull)
                  00006e4e    00000002     --HOLE-- [fill = 0]
                  00006e50    0000001c     uart.obj (.text:UARTDisable)
                  00006e6c    0000001c     dhcpc.obj (.text:add_req_ipaddr)
                  00006e88    0000001c     dhcpc.obj (.text:add_server_id)
                  00006ea4    0000001c     resolv.obj (.text:resolv_conf)
                  00006ec0    0000001c     list.obj (.text:vListInsertEnd)
                  00006edc    0000001c     internet.obj (.text:webclient_datahandler)
                  00006ef8    0000001a     queue.obj (.text:prvIsQueueEmpty)
                  00006f12    0000001a     port.obj (.text:pxPortInitialiseStack)
                  00006f2c    0000001a     rtsv7M3_T_le_eabi.lib : memccpy.obj (.text)
                  00006f46    0000001a     uip_timer.obj (.text:timer_expired)
                  00006f60    00000018     timer.obj (.text:TimerControlTrigger)
                  00006f78    00000018     httpd.obj (.text:handle_connection)
                  00006f90    00000018     pantalla.obj (.text:libMU_Display_Initialize)
                  00006fa8    00000018     serie.obj (.text:libMU_Serial_SendString)
                  00006fc0    00000018     heap_3.obj (.text:pvPortMalloc)
                  00006fd8    00000018     resolv.obj (.text:resolv_found)
                  00006ff0    00000018     rtsv7M3_T_le_eabi.lib : _lock.obj (.text)
                  00007008    00000018                           : ll_mul_t2.obj (.text)
                  00007020    00000018                           : strcmp.obj (.text)
                  00007038    00000018                           : strrchr.obj (.text)
                  00007050    00000018     special_server.obj (.text:specserver_app_init)
                  00007068    00000018     port.obj (.text:vPortEnterCritical)
                  00007080    00000018     port.obj (.text:vPortExitCritical)
                  00007098    00000018     tasks.obj (.text:vTaskSetTimeOutState)
                  000070b0    00000018     tasks.obj (.text:xTaskGetTickCount)
                  000070c8    00000016     internet.obj (.text:libMU_Internet_Delay)
                  000070de    00000016     temperatura.obj (.text:libMU_Temperature_Convert)
                  000070f4    00000016     rtsv7M3_T_le_eabi.lib : strchr.obj (.text)
                  0000710a    00000016     list.obj (.text:vListInitialise)
                  00007120    00000016     heap_3.obj (.text:vPortFree)
                  00007136    00000002     --HOLE-- [fill = 0]
                  00007138    00000016     port.obj (.text:vPortStartFirstTask)
                  0000714e    00000002     --HOLE-- [fill = 0]
                  00007150    00000014     ethernet.obj (.text:EthernetInitExpClk)
                  00007164    00000014     uart.obj (.text:UARTEnable)
                  00007178    00000014     internet.obj (.text:libMU_Internet_GetDeviceIP)
                  0000718c    00000014     serie.obj (.text:libMU_Serial_SendChar)
                  000071a0    00000014     tasks.obj (.text:prvIdleTask)
                  000071b4    00000014     port.obj (.text:prvSetupTimerInterrupt)
                  000071c8    00000014     rtsv7M3_T_le_eabi.lib : strlen.obj (.text)
                  000071dc    00000012     gpio.obj (.text:GPIOPinTypeADC)
                  000071ee    00000012     gpio.obj (.text:GPIOPinTypeEthernetLED)
                  00007200    00000012     gpio.obj (.text:GPIOPinTypeGPIOOutput)
                  00007212    00000012     gpio.obj (.text:GPIOPinTypeSSI)
                  00007224    00000012     gpio.obj (.text:GPIOPinTypeUART)
                  00007236    00000012     timer.obj (.text:TimerLoadSet)
                  00007248    00000012     dhcpc.obj (.text:add_msg_type)
                  0000725a    00000012     rtsv7M3_T_le_eabi.lib : copy_zero_init.obj (.text:decompress:ZI)
                  0000726c    00000012     resolv.obj (.text:parse_name)
                  0000727e    00000012     rtsv7M3_T_le_eabi.lib : strcpy.obj (.text)
                  00007290    00000010     ethernet.obj (.text:EthernetPacketGetNonBlocking)
                  000072a0    00000010     port.obj (.text:vPortYieldFromISR)
                  000072b0    00000010     tasks.obj (.text:vTaskSuspendAll)
                  000072c0    0000000e     adc.obj (.text:ADCSequenceEnable)
                  000072ce    0000000e     timer.obj (.text:TimerEnable)
                  000072dc    0000000e     webclient.obj (.text:copy_string)
                  000072ea    0000000e     rtsv7M3_T_le_eabi.lib : copy_decompress_none.obj (.text:decompress:none)
                  000072f8    0000000e     temperatura.obj (.text:libMU_Temperature_Get)
                  00007306    0000000e     rtsv7M3_T_le_eabi.lib : xdclass.obj (.text)
                  00007314    0000000e     uip_timer.obj (.text:timer_set)
                  00007322    0000000c     ethernet.obj (.text:EthernetIntStatus)
                  0000732e    00000002     --HOLE-- [fill = 0]
                  00007330    0000000c     rit128x96x4.obj (.text:RIT128x96x4DisplayOff)
                  0000733c    0000000c     internet.obj (.text:libMU_Internet_GetNumberOfFramesReceived)
                  00007348    0000000c     internet.obj (.text:libMU_Internet_GetNumberOfFramesSent)
                  00007354    0000000c     internet.obj (.text:libMU_Internet_GetStatus)
                  00007360    0000000c     internet.obj (.text:libMU_Internet_Server_SetCommandProcessingInfo)
                  0000736c    0000000c     tasks.obj (.text:vTaskMissedYield)
                  00007378    0000000c     internet.obj (.text:webclient_aborted)
                  00007384    0000000c     internet.obj (.text:webclient_closed)
                  00007390    0000000a     adc.obj (.text:ADCIntClear)
                  0000739a    0000000a     adc.obj (.text:ADCSequenceOverflowClear)
                  000073a4    0000000a     ethernet.obj (.text:EthernetIntDisable)
                  000073ae    0000000a     ethernet.obj (.text:EthernetPacketPut)
                  000073b8    0000000a     ssi.obj (.text:SSIDataPut)
                  000073c2    0000000a     ssi.obj (.text:SSIDisable)
                  000073cc    0000000a     ssi.obj (.text:SSIEnable)
                  000073d6    0000000a     uart.obj (.text:UARTCharPut)
                  000073e0    0000000a     uip.obj (.text:htons)
                  000073ea    0000000a     psock.obj (.text:psock_datalen)
                  000073f4    00000008     ethernet.obj (.text:EthernetIntEnable)
                  000073fc    00000008     ssi.obj (.text:SSIBusy)
                  00007404    00000008     dhcpc.obj (.text:add_end)
                  0000740c    00000008     httpd.obj (.text:httpd_init)
                  00007414    00000006     gpio.obj (.text:GPIOPinRead)
                  0000741a    00000006     gpio.obj (.text:GPIOPinWrite)
                  00007420    00000006     startup_MU.obj (.text:ResetISR)
                  00007426    00000006     sysctl.obj (.text:SysCtlDelay)
                  0000742c    00000006     psock.obj (.text:buf_setup)
                  00007432    00000006     rtsv7M3_T_le_eabi.lib : copy_decompress_rle.obj (.text:decompress:rle24)
                  00007438    00000006     uip.obj (.text:uip_tcpchksum)
                  0000743e    00000006     list.obj (.text:vListInitialiseItem)
                  00007444    00000004     ethernet.obj (.text:EthernetIntClear)
                  00007448    00000004     timer.obj (.text:TimerIntClear)
                  0000744c    00000004     dhcpc.obj (.text:dhcpc_appcall)

.const     0    00007450    000013f4     
                  00007450    000004c6     demo_8_Internet.obj (.const:services_descriptor)
                  00007916    00000002     --HOLE-- [fill = 0]
                  00007918    000004bc     demo_8_Internet.obj (.const:device_descriptor)
                  00007dd4    000001e0     rit128x96x4.obj (.const:g_pucFont)
                  00007fb4    000001a6     http-strings.obj (.const)
                  0000815a    00000002     --HOLE-- [fill = 0]
                  0000815c    00000143     demo_8_Internet.obj (.const:response_set_power)
                  0000829f    00000001     --HOLE-- [fill = 0]
                  000082a0    00000141     demo_8_Internet.obj (.const:response_get_power)
                  000083e1    00000003     --HOLE-- [fill = 0]
                  000083e4    00000101     rtsv7M3_T_le_eabi.lib : ctype.obj (.const:_ctypes_)
                  000084e5    00000003     --HOLE-- [fill = 0]
                  000084e8    00000070     interrupt.obj (.const)
                  00008558    0000006c     sysctl.obj (.const:g_pulXtals)
                  000085c4    0000005b     http-strings.obj (.const:http_header_404)
                  0000861f    00000001     --HOLE-- [fill = 0]
                  00008620    00000054     http-strings.obj (.const:http_header_200)
                  00008674    0000004f     rit128x96x4.obj (.const:g_pucRIT128x96x4Init)
                  000086c3    00000001     --HOLE-- [fill = 0]
                  000086c4    0000004e     http-strings.obj (.const:http_user_agent_fields)
                  00008712    00000002     --HOLE-- [fill = 0]
                  00008714    00000041     http-strings.obj (.const:http_header_200_no_close)
                  00008755    00000003     --HOLE-- [fill = 0]
                  00008758    00000040     demo_8_Internet.obj (.const:.string)
                  00008798    00000040     sysctl.obj (.const)
                  000087d8    0000002b     http-strings.obj (.const:http_content_type_binary)
                  00008803    00000001     --HOLE-- [fill = 0]
                  00008804    00000015     httpd.obj (.const)
                  00008819    00000003     --HOLE-- [fill = 0]
                  0000881c    0000000c     rit128x96x4.obj (.const)
                  00008828    0000000a     uip_arp.obj (.const)
                  00008832    00000002     --HOLE-- [fill = 0]
                  00008834    00000008     dhcpc.obj (.const)
                  0000883c    00000008     uip.obj (.const)

.cinit     0    00008848    000000a0     
                  00008848    0000007c     (.cinit..data.load) [load image, compression = rle]
                  000088c4    0000000c     (__TI_handler_table)
                  000088d0    00000008     (.cinit..bss.load) [load image, compression = zero_init]
                  000088d8    00000010     (__TI_cinit_table)

.sysmem    0    20000000    00008000     UNINITIALIZED
                  20000000    00000008     rtsv7M3_T_le_eabi.lib : memory.obj (.sysmem)
                  20000008    00007ff8     --HOLE--

.bss       0    20008000    0000252c     UNINITIALIZED
                  20008000    00001000     httpd.obj (.bss:httpd_script_param)
                  20009000    00000780     uip.obj (.bss:uip_conns)
                  20009780    000005e0     uip.obj (.bss:uip_buf)
                  20009d60    00000180     webclient.obj (.bss:s)
                  20009ee0    00000160     demo_8_Internet.obj (.bss:response)
                  2000a040    00000100     uip.obj (.bss:uip_udp_conns)
                  2000a140    000000a8     resolv.obj (.bss:names)
                  2000a1e8    000000a8     telnet_client.obj (.bss:s)
                  2000a290    00000078     internet.obj (.bss:libMU_Internet_Server_Responses)
                  2000a308    00000060     uip_arp.obj (.bss:arp_table)
                  2000a368    00000050     tasks.obj (.bss:pxReadyTasksLists)
                  2000a3b8    00000044     tasks.obj (.bss)
                  2000a3fc    0000003c     uip.obj (.bss)
                  2000a438    00000034     dhcpc.obj (.bss:s)
                  2000a46c    00000034     uip.obj (.bss:uip_stat)
                  2000a4a0    00000020     analogico_digital.obj (.bss)
                  2000a4c0    00000018     special_server.obj (.bss)
                  2000a4d8    00000010     telnet_client.obj (.bss)
                  2000a4e8    0000000c     Task_Ethernet_UIP.obj (.bss)
                  2000a4f4    0000000c     rit128x96x4.obj (.bss)
                  2000a500    00000008     resolv.obj (.bss)
                  2000a508    00000008     ssdp.obj (.bss)
                  2000a510    00000008     uip_arp.obj (.bss)
                  2000a518    00000006     protocol_switcher_app.obj (.bss)
                  2000a51e    00000002     --HOLE--
                  2000a520    00000004     botones.obj (.bss)
                  2000a524    00000004     httpd.obj (.bss)
                  2000a528    00000004     webclient.obj (.bss)

.stack     0    2000a52c    00001000     UNINITIALIZED
                  2000a52c    00001000     --HOLE--

.data      0    2000b530    00000159     
                  2000b530    00000070     rtsv7M3_T_le_eabi.lib : xlvalues.obj (.data)
                  2000b5a0    00000040     udp_frame.obj (.data:udp_frame_pi)
                  2000b5e0    00000034     tasks.obj (.data)
                  2000b614    00000014     demo_8_Internet.obj (.data)
                  2000b628    0000000d     Task_Ethernet_UIP.obj (.data)
                  2000b635    00000003     --HOLE--
                  2000b638    0000000d     resolv.obj (.data)
                  2000b645    00000003     --HOLE--
                  2000b648    0000000c     internet.obj (.data)
                  2000b654    0000000c     rtsv7M3_T_le_eabi.lib : memory.obj (.data)
                  2000b660    00000008                           : _lock.obj (.data)
                  2000b668    00000008                           : exit.obj (.data)
                  2000b670    00000006     uip.obj (.data)
                  2000b676    00000002     --HOLE--
                  2000b678    00000004     port.obj (.data)
                  2000b67c    00000004     rtsv7M3_T_le_eabi.lib : stkdepth_vars.obj (.data)
                  2000b680    00000004     telnet_client.obj (.data)
                  2000b684    00000004     udp_frame.obj (.data)
                  2000b688    00000001     special_server.obj (.data)


LINKER GENERATED COPY TABLES

__TI_cinit_table @ 000088d8 records: 2, size/record: 8, table size: 16
	.data: load addr=00008848, load size=0000007c bytes, run addr=2000b530, run size=00000159 bytes, compression=rle
	.bss: load addr=000088d0, load size=00000008 bytes, run addr=20008000, run size=0000252c bytes, compression=zero_init


LINKER GENERATED HANDLER TABLE

__TI_handler_table @ 000088c4 records: 3, size/record: 4, table size: 12
	index: 0, handler: __TI_decompress_rle24
	index: 1, handler: __TI_decompress_none
	index: 2, handler: __TI_zero_init


GLOBAL SYMBOLS: SORTED ALPHABETICALLY BY Name 

address    name
--------   ----
00007391   ADCIntClear
000069b9   ADCIntStatus
00006b21   ADCSequenceConfigure
00006d33   ADCSequenceDataGet
000072c1   ADCSequenceEnable
0000739b   ADCSequenceOverflowClear
000051c1   ADCSequenceStepConfigure
00002dc7   BusFaultISR
0000634d   C$$EXIT
2000a50c   Contador_Envio_SSDP
00006b4b   EthernetConfigSet
00006ca9   EthernetEnable
00007151   EthernetInitExpClk
00007445   EthernetIntClear
000073a5   EthernetIntDisable
000073f5   EthernetIntEnable
000063d5   EthernetIntHandler
00007323   EthernetIntStatus
00006605   EthernetMACAddrSet
00006df5   EthernetPHYRead
00007291   EthernetPacketGetNonBlocking
000073af   EthernetPacketPut
000032d7   FaultISR
0000663d   FlashUserGet
000069e7   GPIODirModeSet
0000405f   GPIOPadConfigSet
00007415   GPIOPinRead
000071dd   GPIOPinTypeADC
000071ef   GPIOPinTypeEthernetLED
00007201   GPIOPinTypeGPIOOutput
00007213   GPIOPinTypeSSI
00007225   GPIOPinTypeUART
0000741b   GPIOPinWrite
00005505   Initialize_EthernetHW
00003c49   Initialize_UIP
00004127   IntDefaultHandler
000053d9   IntEnable
000032d9   Loop_UIP
00004d73   MemFaultISR
00004f7f   NmiSR
0000608d   RIT128x96x4Clear
00007331   RIT128x96x4DisplayOff
00005565   RIT128x96x4Enable
0000470d   RIT128x96x4Init
00003d21   RIT128x96x4StringDraw
00007421   ResetISR
000073fd   SSIBusy
0000623b   SSIConfigSetExpClk
000073b9   SSIDataPut
000073c3   SSIDisable
000073cd   SSIEnable
2000b628   Sem_EthPacketReceived
2000b638   Sem_Resolv
00006d55   SysCtlADCSpeedSet
00002865   SysCtlClockGet
00002f19   SysCtlClockSet
00007427   SysCtlDelay
00005ae1   SysCtlPeripheralEnable
00004d75   SysCtlPeripheralReset
00005071   Task_Ethernet
00006c3d   TimerConfigure
00006f61   TimerControlTrigger
000072cf   TimerEnable
00007449   TimerIntClear
00007237   TimerLoadSet
000073d7   UARTCharPut
00006391   UARTConfigSetExpClk
00006e51   UARTDisable
00007165   UARTEnable
0000536f   UsageFaultISR
00007307   _Dclass
000061f5   _Dtest
2000b530   _LDenorm
2000b540   _LEps
2000b550   _LInf
2000b560   _LNan
2000b580   _LRteps
2000b570   _LSnan
2000b590   _LXbig
2000b598   _LZero
2000b52c   __STACK_END
00001000   __STACK_SIZE
2000a62c   __STACK_TOP
00008000   __SYSMEM_SIZE
000088d8   __TI_CINIT_Base
000088e8   __TI_CINIT_Limit
000088c4   __TI_Handler_Table_Base
000088d0   __TI_Handler_Table_Limit
00000001   __TI_args_main
00004a19   __TI_auto_init
000072eb   __TI_decompress_none
00007433   __TI_decompress_rle24
00000000   __TI_static_base__
0000725b   __TI_zero_init
00004f01   __aeabi_cdcmpeq
00004f01   __aeabi_cdcmple
00006165   __aeabi_d2iz
00002c1b   __aeabi_dadd
000031a1   __aeabi_ddiv
000035f9   __aeabi_dmul
00002c11   __aeabi_dsub
00006a43   __aeabi_i2d
00007009   __aeabi_lmul
00004ff9   __aeabi_memclr
00004ff9   __aeabi_memclr4
00004ff9   __aeabi_memclr8
0000484d   __aeabi_memcpy
0000484d   __aeabi_memcpy4
0000484d   __aeabi_memcpy8
00004ffb   __aeabi_memset
00004ffb   __aeabi_memset4
00004ffb   __aeabi_memset8
00002671   __aeabi_uldivmod
ffffffff   __binit__
ffffffff   __c_args__
2000a52c   __stack
0000608b   __tdeh_init
00006db5   _args_main
0000682d   _c_int00
2000b668   _cleanup_ptr
000083e4   _ctypes_
2000b66c   _dtors_ptr
2000b660   _lock
00006ffd   _nop
00000def   _printfi
00006ff7   _register_lock
00006ff1   _register_unlock
20000000   _sys_memory
2000b664   _unlock
00006351   abort
00005ff5   atoi
2000b634   bInitUIP
ffffffff   binit
000021a7   calloc
000070b1   clock_time
00008804   content_length_str
0000611d   copy_in
00007918   device_descriptor
0000744d   dhcpc_appcall
00006455   dhcpc_configured
000066ad   dhcpc_init
00006bc9   dhcpc_request
00006359   exit
00001ef3   free
00000000   g_pfnVectors
000073e1   htons
00007fd6   http_10
00007fdf   http_11
00007fbc   http_200
00007fc1   http_301
00007fc6   http_302
00008032   http_404_html
00007fe8   http_content_length
00007ff8   http_content_type
000087d8   http_content_type_binary
0000807e   http_content_type_css
000080ec   http_content_type_gif
00008062   http_content_type_html
00008108   http_content_type_jpg
00008045   http_content_type_plain
000080d0   http_content_type_png
000080b4   http_content_type_text
00008099   http_content_type_xml
00008023   http_crnl
00008137   http_css
00007fcb   http_get
00008141   http_gif
00008620   http_header_200
00008714   http_header_200_no_close
000085c4   http_header_404
0000801c   http_host
00008132   http_htm
00008125   http_html
00007fb4   http_http
00008026   http_index_html
00008146   http_jpg
00008011   http_location
0000813c   http_png
00007fd0   http_post
0000803c   http_referer
0000812b   http_shtml
00008150   http_text
00008007   http_texthtml
00008155   http_txt
000086c4   http_user_agent_fields
0000814b   http_xml
00004e81   httpd_appcall
000050e1   httpd_fs_open
000066e5   httpd_fs_strcmp
0000740d   httpd_init
2000a524   httpd_script_num_data
20008000   httpd_script_param
2000b630   lARPTimer
2000b62c   lPeriodicTimer
000058b9   libMU_AD_GetChannelValue
00004c5d   libMU_AD_Initialize
2000a520   libMU_ButtonState
00005915   libMU_Button_Initialize
00006f91   libMU_Display_Initialize
000070c9   libMU_Internet_Delay
00007179   libMU_Internet_GetDeviceIP
0000733d   libMU_Internet_GetNumberOfFramesReceived
00007349   libMU_Internet_GetNumberOfFramesSent
00007355   libMU_Internet_GetStatus
00005971   libMU_Internet_Initialize
2000b64c   libMU_Internet_PageReaderFunction
2000a290   libMU_Internet_Server_Responses
00007361   libMU_Internet_Server_SetCommandProcessingInfo
000042b9   libMU_Internet_Server_SetPage
2000b650   libMU_Internet_Server_TagNumber
000067c5   libMU_LED_Initialize
00006d75   libMU_LED_Toggle
00005ce9   libMU_Serial_Initialize
0000718d   libMU_Serial_SendChar
00006a15   libMU_Serial_SendChars
00006fa9   libMU_Serial_SendString
00006281   libMU_Stopwatch_Initialize
000070df   libMU_Temperature_Convert
000072f9   libMU_Temperature_Get
00005b91   ltoa
000060d5   main
2000b67c   main_func_sp
00001e91   malloc
000020d1   memalign
00006f2d   memccpy
00006ccb   memcmp
0000484d   memcpy
00005001   memset
00001e05   minit
2000b648   network_state
2000b614   power
00005f11   protocol_switcher_app_init
000073eb   psock_datalen
00005151   psock_generator_send
00006d95   psock_init
00006a71   psock_newdata
00004dfd   psock_readto
00005c41   psock_send
00006fc1   pvPortMalloc
2000b5e0   pxCurrentTCB
00006f13   pxPortInitialiseStack
00001fbd   realloc
000068c9   resolv_appcall
00006ea5   resolv_conf
00006fd9   resolv_found
000067f9   resolv_init
00006309   resolv_lookup
000055c5   resolv_query
20009ee0   response
000082a0   response_get_power
0000815c   response_set_power
2000a1e8   s
00007450   services_descriptor
000048e9   snprintf
00007051   specserver_app_init
00004379   specserver_appcall
2000a4c0   specserver_resp_data
2000a4c4   specserver_resp_data_len
2000a4c8   specserver_stats
00005625   sprintf
0000305d   ssdp_advertise
0000522d   ssdp_udpapp
0000543d   ssdp_udpinit
000070f5   strchr
00007021   strcmp
0000727f   strcpy
000071c9   strlen
00006c17   strncmp
000068f9   strncpy
00007039   strrchr
00006895   strstr
00006959   tcp_protocol_switcher_appcall
00004981   telnet_client_appcall
00006495   telnet_client_init
2000a4d8   telnet_stats
00006f47   timer_expired
00007315   timer_set
00005371   udp_frame_appcall
0000658d   udp_protocol_switcher_appcall
2000a430   uip_acc32
00005be9   uip_add32
2000a408   uip_appdata
00004439   uip_arp_arpin
00002dc9   uip_arp_out
00005d39   uip_arp_timer
20009780   uip_buf
2000a418   uip_conn
000039ad   uip_connect
20009000   uip_conns
2000a400   uip_draddr
2000b670   uip_ethaddr
2000a414   uip_flags
2000a3fc   uip_hostaddr
00005a29   uip_init
00006dd5   uip_ipchksum
2000a410   uip_len
00006ac9   uip_listen
2000a41c   uip_listenports
2000a404   uip_netmask
00000f7d   uip_process
2000a40c   uip_sappdata
00006c61   uip_send
2000a412   uip_slen
2000a46c   uip_stat
00007439   uip_tcpchksum
2000a424   uip_udp_conn
2000a040   uip_udp_conns
00004bcd   uip_udp_new
00006041   uiplib_ipaddrconv
2000a508   upd_conex
0000710b   vListInitialise
0000743f   vListInitialiseItem
0000678d   vListInsert
00006ec1   vListInsertEnd
00006ced   vListRemove
00007069   vPortEnterCritical
00007081   vPortExitCritical
00007121   vPortFree
00006d11   vPortSVCHandler
00007139   vPortStartFirstTask
000072a1   vPortYieldFromISR
00005a85   vTaskDelayUntil
000037e5   vTaskIncrementTick
0000736d   vTaskMissedYield
00006af5   vTaskPlaceOnEventList
00007099   vTaskSetTimeOutState
00005d89   vTaskStartScheduler
000072b1   vTaskSuspendAll
000054a1   vTaskSwitchContext
00007379   webclient_aborted
000041f1   webclient_appcall
00007385   webclient_closed
0000627f   webclient_connected
00006edd   webclient_datahandler
000056e5   webclient_get
000063d3   webclient_init
00006513   webclient_timedout
000064d5   xPortPendSVHandler
00006989   xPortStartScheduler
00006c85   xPortSysTickHandler
00005305   xQueueGenericCreate
00003a8d   xQueueGenericReceive
00003f95   xQueueGenericSend
00005e77   xQueueGenericSendFromISR
00005dd9   xTaskCheckForTimeOut
000038c9   xTaskGenericCreate
000070b1   xTaskGetTickCount
00005299   xTaskRemoveFromEventList
00003ec5   xTaskResumeAll


GLOBAL SYMBOLS: SORTED BY Symbol Address 

address    name
--------   ----
00000000   __TI_static_base__
00000000   g_pfnVectors
00000001   __TI_args_main
00000def   _printfi
00000f7d   uip_process
00001000   __STACK_SIZE
00001e05   minit
00001e91   malloc
00001ef3   free
00001fbd   realloc
000020d1   memalign
000021a7   calloc
00002671   __aeabi_uldivmod
00002865   SysCtlClockGet
00002c11   __aeabi_dsub
00002c1b   __aeabi_dadd
00002dc7   BusFaultISR
00002dc9   uip_arp_out
00002f19   SysCtlClockSet
0000305d   ssdp_advertise
000031a1   __aeabi_ddiv
000032d7   FaultISR
000032d9   Loop_UIP
000035f9   __aeabi_dmul
000037e5   vTaskIncrementTick
000038c9   xTaskGenericCreate
000039ad   uip_connect
00003a8d   xQueueGenericReceive
00003c49   Initialize_UIP
00003d21   RIT128x96x4StringDraw
00003ec5   xTaskResumeAll
00003f95   xQueueGenericSend
0000405f   GPIOPadConfigSet
00004127   IntDefaultHandler
000041f1   webclient_appcall
000042b9   libMU_Internet_Server_SetPage
00004379   specserver_appcall
00004439   uip_arp_arpin
0000470d   RIT128x96x4Init
0000484d   __aeabi_memcpy
0000484d   __aeabi_memcpy4
0000484d   __aeabi_memcpy8
0000484d   memcpy
000048e9   snprintf
00004981   telnet_client_appcall
00004a19   __TI_auto_init
00004bcd   uip_udp_new
00004c5d   libMU_AD_Initialize
00004d73   MemFaultISR
00004d75   SysCtlPeripheralReset
00004dfd   psock_readto
00004e81   httpd_appcall
00004f01   __aeabi_cdcmpeq
00004f01   __aeabi_cdcmple
00004f7f   NmiSR
00004ff9   __aeabi_memclr
00004ff9   __aeabi_memclr4
00004ff9   __aeabi_memclr8
00004ffb   __aeabi_memset
00004ffb   __aeabi_memset4
00004ffb   __aeabi_memset8
00005001   memset
00005071   Task_Ethernet
000050e1   httpd_fs_open
00005151   psock_generator_send
000051c1   ADCSequenceStepConfigure
0000522d   ssdp_udpapp
00005299   xTaskRemoveFromEventList
00005305   xQueueGenericCreate
0000536f   UsageFaultISR
00005371   udp_frame_appcall
000053d9   IntEnable
0000543d   ssdp_udpinit
000054a1   vTaskSwitchContext
00005505   Initialize_EthernetHW
00005565   RIT128x96x4Enable
000055c5   resolv_query
00005625   sprintf
000056e5   webclient_get
000058b9   libMU_AD_GetChannelValue
00005915   libMU_Button_Initialize
00005971   libMU_Internet_Initialize
00005a29   uip_init
00005a85   vTaskDelayUntil
00005ae1   SysCtlPeripheralEnable
00005b91   ltoa
00005be9   uip_add32
00005c41   psock_send
00005ce9   libMU_Serial_Initialize
00005d39   uip_arp_timer
00005d89   vTaskStartScheduler
00005dd9   xTaskCheckForTimeOut
00005e77   xQueueGenericSendFromISR
00005f11   protocol_switcher_app_init
00005ff5   atoi
00006041   uiplib_ipaddrconv
0000608b   __tdeh_init
0000608d   RIT128x96x4Clear
000060d5   main
0000611d   copy_in
00006165   __aeabi_d2iz
000061f5   _Dtest
0000623b   SSIConfigSetExpClk
0000627f   webclient_connected
00006281   libMU_Stopwatch_Initialize
00006309   resolv_lookup
0000634d   C$$EXIT
00006351   abort
00006359   exit
00006391   UARTConfigSetExpClk
000063d3   webclient_init
000063d5   EthernetIntHandler
00006455   dhcpc_configured
00006495   telnet_client_init
000064d5   xPortPendSVHandler
00006513   webclient_timedout
0000658d   udp_protocol_switcher_appcall
00006605   EthernetMACAddrSet
0000663d   FlashUserGet
000066ad   dhcpc_init
000066e5   httpd_fs_strcmp
0000678d   vListInsert
000067c5   libMU_LED_Initialize
000067f9   resolv_init
0000682d   _c_int00
00006895   strstr
000068c9   resolv_appcall
000068f9   strncpy
00006959   tcp_protocol_switcher_appcall
00006989   xPortStartScheduler
000069b9   ADCIntStatus
000069e7   GPIODirModeSet
00006a15   libMU_Serial_SendChars
00006a43   __aeabi_i2d
00006a71   psock_newdata
00006ac9   uip_listen
00006af5   vTaskPlaceOnEventList
00006b21   ADCSequenceConfigure
00006b4b   EthernetConfigSet
00006bc9   dhcpc_request
00006c17   strncmp
00006c3d   TimerConfigure
00006c61   uip_send
00006c85   xPortSysTickHandler
00006ca9   EthernetEnable
00006ccb   memcmp
00006ced   vListRemove
00006d11   vPortSVCHandler
00006d33   ADCSequenceDataGet
00006d55   SysCtlADCSpeedSet
00006d75   libMU_LED_Toggle
00006d95   psock_init
00006db5   _args_main
00006dd5   uip_ipchksum
00006df5   EthernetPHYRead
00006e51   UARTDisable
00006ea5   resolv_conf
00006ec1   vListInsertEnd
00006edd   webclient_datahandler
00006f13   pxPortInitialiseStack
00006f2d   memccpy
00006f47   timer_expired
00006f61   TimerControlTrigger
00006f91   libMU_Display_Initialize
00006fa9   libMU_Serial_SendString
00006fc1   pvPortMalloc
00006fd9   resolv_found
00006ff1   _register_unlock
00006ff7   _register_lock
00006ffd   _nop
00007009   __aeabi_lmul
00007021   strcmp
00007039   strrchr
00007051   specserver_app_init
00007069   vPortEnterCritical
00007081   vPortExitCritical
00007099   vTaskSetTimeOutState
000070b1   clock_time
000070b1   xTaskGetTickCount
000070c9   libMU_Internet_Delay
000070df   libMU_Temperature_Convert
000070f5   strchr
0000710b   vListInitialise
00007121   vPortFree
00007139   vPortStartFirstTask
00007151   EthernetInitExpClk
00007165   UARTEnable
00007179   libMU_Internet_GetDeviceIP
0000718d   libMU_Serial_SendChar
000071c9   strlen
000071dd   GPIOPinTypeADC
000071ef   GPIOPinTypeEthernetLED
00007201   GPIOPinTypeGPIOOutput
00007213   GPIOPinTypeSSI
00007225   GPIOPinTypeUART
00007237   TimerLoadSet
0000725b   __TI_zero_init
0000727f   strcpy
00007291   EthernetPacketGetNonBlocking
000072a1   vPortYieldFromISR
000072b1   vTaskSuspendAll
000072c1   ADCSequenceEnable
000072cf   TimerEnable
000072eb   __TI_decompress_none
000072f9   libMU_Temperature_Get
00007307   _Dclass
00007315   timer_set
00007323   EthernetIntStatus
00007331   RIT128x96x4DisplayOff
0000733d   libMU_Internet_GetNumberOfFramesReceived
00007349   libMU_Internet_GetNumberOfFramesSent
00007355   libMU_Internet_GetStatus
00007361   libMU_Internet_Server_SetCommandProcessingInfo
0000736d   vTaskMissedYield
00007379   webclient_aborted
00007385   webclient_closed
00007391   ADCIntClear
0000739b   ADCSequenceOverflowClear
000073a5   EthernetIntDisable
000073af   EthernetPacketPut
000073b9   SSIDataPut
000073c3   SSIDisable
000073cd   SSIEnable
000073d7   UARTCharPut
000073e1   htons
000073eb   psock_datalen
000073f5   EthernetIntEnable
000073fd   SSIBusy
0000740d   httpd_init
00007415   GPIOPinRead
0000741b   GPIOPinWrite
00007421   ResetISR
00007427   SysCtlDelay
00007433   __TI_decompress_rle24
00007439   uip_tcpchksum
0000743f   vListInitialiseItem
00007445   EthernetIntClear
00007449   TimerIntClear
0000744d   dhcpc_appcall
00007450   services_descriptor
00007918   device_descriptor
00007fb4   http_http
00007fbc   http_200
00007fc1   http_301
00007fc6   http_302
00007fcb   http_get
00007fd0   http_post
00007fd6   http_10
00007fdf   http_11
00007fe8   http_content_length
00007ff8   http_content_type
00008000   __SYSMEM_SIZE
00008007   http_texthtml
00008011   http_location
0000801c   http_host
00008023   http_crnl
00008026   http_index_html
00008032   http_404_html
0000803c   http_referer
00008045   http_content_type_plain
00008062   http_content_type_html
0000807e   http_content_type_css
00008099   http_content_type_xml
000080b4   http_content_type_text
000080d0   http_content_type_png
000080ec   http_content_type_gif
00008108   http_content_type_jpg
00008125   http_html
0000812b   http_shtml
00008132   http_htm
00008137   http_css
0000813c   http_png
00008141   http_gif
00008146   http_jpg
0000814b   http_xml
00008150   http_text
00008155   http_txt
0000815c   response_set_power
000082a0   response_get_power
000083e4   _ctypes_
000085c4   http_header_404
00008620   http_header_200
000086c4   http_user_agent_fields
00008714   http_header_200_no_close
000087d8   http_content_type_binary
00008804   content_length_str
000088c4   __TI_Handler_Table_Base
000088d0   __TI_Handler_Table_Limit
000088d8   __TI_CINIT_Base
000088e8   __TI_CINIT_Limit
20000000   _sys_memory
20008000   httpd_script_param
20009000   uip_conns
20009780   uip_buf
20009ee0   response
2000a040   uip_udp_conns
2000a1e8   s
2000a290   libMU_Internet_Server_Responses
2000a3fc   uip_hostaddr
2000a400   uip_draddr
2000a404   uip_netmask
2000a408   uip_appdata
2000a40c   uip_sappdata
2000a410   uip_len
2000a412   uip_slen
2000a414   uip_flags
2000a418   uip_conn
2000a41c   uip_listenports
2000a424   uip_udp_conn
2000a430   uip_acc32
2000a46c   uip_stat
2000a4c0   specserver_resp_data
2000a4c4   specserver_resp_data_len
2000a4c8   specserver_stats
2000a4d8   telnet_stats
2000a508   upd_conex
2000a50c   Contador_Envio_SSDP
2000a520   libMU_ButtonState
2000a524   httpd_script_num_data
2000a52c   __stack
2000a62c   __STACK_TOP
2000b52c   __STACK_END
2000b530   _LDenorm
2000b540   _LEps
2000b550   _LInf
2000b560   _LNan
2000b570   _LSnan
2000b580   _LRteps
2000b590   _LXbig
2000b598   _LZero
2000b5e0   pxCurrentTCB
2000b614   power
2000b628   Sem_EthPacketReceived
2000b62c   lPeriodicTimer
2000b630   lARPTimer
2000b634   bInitUIP
2000b638   Sem_Resolv
2000b648   network_state
2000b64c   libMU_Internet_PageReaderFunction
2000b650   libMU_Internet_Server_TagNumber
2000b660   _lock
2000b664   _unlock
2000b668   _cleanup_ptr
2000b66c   _dtors_ptr
2000b670   uip_ethaddr
2000b67c   main_func_sp
ffffffff   __binit__
ffffffff   __c_args__
ffffffff   binit

[349 symbols]
